Archive member included to satisfy reference by file (symbol)

c:/program files (x86)/atollic/truestudio for stm32 9.3.0/armtools/bin/../lib/gcc/arm-atollic-eabi/6.3.1/../../../../arm-atollic-eabi/lib/armv7e-m/fpu\libm.a(lib_a-w_fmod.o)
                              Src\main.o (fmod)
c:/program files (x86)/atollic/truestudio for stm32 9.3.0/armtools/bin/../lib/gcc/arm-atollic-eabi/6.3.1/../../../../arm-atollic-eabi/lib/armv7e-m/fpu\libm.a(lib_a-wf_pow.o)
                              Src\main.o (powf)
c:/program files (x86)/atollic/truestudio for stm32 9.3.0/armtools/bin/../lib/gcc/arm-atollic-eabi/6.3.1/../../../../arm-atollic-eabi/lib/armv7e-m/fpu\libm.a(lib_a-e_fmod.o)
                              c:/program files (x86)/atollic/truestudio for stm32 9.3.0/armtools/bin/../lib/gcc/arm-atollic-eabi/6.3.1/../../../../arm-atollic-eabi/lib/armv7e-m/fpu\libm.a(lib_a-w_fmod.o) (__ieee754_fmod)
c:/program files (x86)/atollic/truestudio for stm32 9.3.0/armtools/bin/../lib/gcc/arm-atollic-eabi/6.3.1/../../../../arm-atollic-eabi/lib/armv7e-m/fpu\libm.a(lib_a-ef_pow.o)
                              c:/program files (x86)/atollic/truestudio for stm32 9.3.0/armtools/bin/../lib/gcc/arm-atollic-eabi/6.3.1/../../../../arm-atollic-eabi/lib/armv7e-m/fpu\libm.a(lib_a-wf_pow.o) (__ieee754_powf)
c:/program files (x86)/atollic/truestudio for stm32 9.3.0/armtools/bin/../lib/gcc/arm-atollic-eabi/6.3.1/../../../../arm-atollic-eabi/lib/armv7e-m/fpu\libm.a(lib_a-ef_sqrt.o)
                              c:/program files (x86)/atollic/truestudio for stm32 9.3.0/armtools/bin/../lib/gcc/arm-atollic-eabi/6.3.1/../../../../arm-atollic-eabi/lib/armv7e-m/fpu\libm.a(lib_a-ef_pow.o) (__ieee754_sqrtf)
c:/program files (x86)/atollic/truestudio for stm32 9.3.0/armtools/bin/../lib/gcc/arm-atollic-eabi/6.3.1/../../../../arm-atollic-eabi/lib/armv7e-m/fpu\libm.a(lib_a-s_lib_ver.o)
                              c:/program files (x86)/atollic/truestudio for stm32 9.3.0/armtools/bin/../lib/gcc/arm-atollic-eabi/6.3.1/../../../../arm-atollic-eabi/lib/armv7e-m/fpu\libm.a(lib_a-w_fmod.o) (__fdlib_version)
c:/program files (x86)/atollic/truestudio for stm32 9.3.0/armtools/bin/../lib/gcc/arm-atollic-eabi/6.3.1/../../../../arm-atollic-eabi/lib/armv7e-m/fpu\libm.a(lib_a-s_matherr.o)
                              c:/program files (x86)/atollic/truestudio for stm32 9.3.0/armtools/bin/../lib/gcc/arm-atollic-eabi/6.3.1/../../../../arm-atollic-eabi/lib/armv7e-m/fpu\libm.a(lib_a-w_fmod.o) (matherr)
c:/program files (x86)/atollic/truestudio for stm32 9.3.0/armtools/bin/../lib/gcc/arm-atollic-eabi/6.3.1/../../../../arm-atollic-eabi/lib/armv7e-m/fpu\libm.a(lib_a-s_rint.o)
                              c:/program files (x86)/atollic/truestudio for stm32 9.3.0/armtools/bin/../lib/gcc/arm-atollic-eabi/6.3.1/../../../../arm-atollic-eabi/lib/armv7e-m/fpu\libm.a(lib_a-wf_pow.o) (rint)
c:/program files (x86)/atollic/truestudio for stm32 9.3.0/armtools/bin/../lib/gcc/arm-atollic-eabi/6.3.1/../../../../arm-atollic-eabi/lib/armv7e-m/fpu\libm.a(lib_a-sf_fabs.o)
                              c:/program files (x86)/atollic/truestudio for stm32 9.3.0/armtools/bin/../lib/gcc/arm-atollic-eabi/6.3.1/../../../../arm-atollic-eabi/lib/armv7e-m/fpu\libm.a(lib_a-ef_pow.o) (fabsf)
c:/program files (x86)/atollic/truestudio for stm32 9.3.0/armtools/bin/../lib/gcc/arm-atollic-eabi/6.3.1/../../../../arm-atollic-eabi/lib/armv7e-m/fpu\libm.a(lib_a-sf_finite.o)
                              c:/program files (x86)/atollic/truestudio for stm32 9.3.0/armtools/bin/../lib/gcc/arm-atollic-eabi/6.3.1/../../../../arm-atollic-eabi/lib/armv7e-m/fpu\libm.a(lib_a-wf_pow.o) (finitef)
c:/program files (x86)/atollic/truestudio for stm32 9.3.0/armtools/bin/../lib/gcc/arm-atollic-eabi/6.3.1/../../../../arm-atollic-eabi/lib/armv7e-m/fpu\libm.a(lib_a-sf_nan.o)
                              c:/program files (x86)/atollic/truestudio for stm32 9.3.0/armtools/bin/../lib/gcc/arm-atollic-eabi/6.3.1/../../../../arm-atollic-eabi/lib/armv7e-m/fpu\libm.a(lib_a-ef_pow.o) (nanf)
c:/program files (x86)/atollic/truestudio for stm32 9.3.0/armtools/bin/../lib/gcc/arm-atollic-eabi/6.3.1/../../../../arm-atollic-eabi/lib/armv7e-m/fpu\libm.a(lib_a-sf_scalbn.o)
                              c:/program files (x86)/atollic/truestudio for stm32 9.3.0/armtools/bin/../lib/gcc/arm-atollic-eabi/6.3.1/../../../../arm-atollic-eabi/lib/armv7e-m/fpu\libm.a(lib_a-ef_pow.o) (scalbnf)
c:/program files (x86)/atollic/truestudio for stm32 9.3.0/armtools/bin/../lib/gcc/arm-atollic-eabi/6.3.1/../../../../arm-atollic-eabi/lib/armv7e-m/fpu\libm.a(lib_a-sf_copysign.o)
                              c:/program files (x86)/atollic/truestudio for stm32 9.3.0/armtools/bin/../lib/gcc/arm-atollic-eabi/6.3.1/../../../../arm-atollic-eabi/lib/armv7e-m/fpu\libm.a(lib_a-sf_scalbn.o) (copysignf)
[...]
Memory Configuration

Name             Origin             Length             Attributes
RAM              0x20000000         0x00010000         xrw
CCMRAM           0x10000000         0x00004000         rw
FLASH            0x08000000         0x00080000         xr
*default*        0x00000000         0xffffffff

Linker script and memory map

LOAD c:/program files (x86)/atollic/truestudio for stm32 9.3.0/armtools/bin/../lib/gcc/arm-atollic-eabi/6.3.1/armv7e-m/fpu/crti.o
LOAD c:/program files (x86)/atollic/truestudio for stm32 9.3.0/armtools/bin/../lib/gcc/arm-atollic-eabi/6.3.1/armv7e-m/fpu/crtbegin.o
LOAD Drivers\STM32F3xx_HAL_Driver\Src\stm32f3xx_hal.o
LOAD Drivers\STM32F3xx_HAL_Driver\Src\stm32f3xx_hal_cortex.o
LOAD Drivers\STM32F3xx_HAL_Driver\Src\stm32f3xx_hal_dma.o
LOAD Drivers\STM32F3xx_HAL_Driver\Src\stm32f3xx_hal_flash.o
LOAD Drivers\STM32F3xx_HAL_Driver\Src\stm32f3xx_hal_flash_ex.o
LOAD Drivers\STM32F3xx_HAL_Driver\Src\stm32f3xx_hal_gpio.o
LOAD Drivers\STM32F3xx_HAL_Driver\Src\stm32f3xx_hal_i2c.o
LOAD Drivers\STM32F3xx_HAL_Driver\Src\stm32f3xx_hal_i2c_ex.o
LOAD Drivers\STM32F3xx_HAL_Driver\Src\stm32f3xx_hal_pwr.o
LOAD Drivers\STM32F3xx_HAL_Driver\Src\stm32f3xx_hal_pwr_ex.o
LOAD Drivers\STM32F3xx_HAL_Driver\Src\stm32f3xx_hal_rcc.o
LOAD Drivers\STM32F3xx_HAL_Driver\Src\stm32f3xx_hal_rcc_ex.o
LOAD Drivers\STM32F3xx_HAL_Driver\Src\stm32f3xx_hal_tim.o
LOAD Drivers\STM32F3xx_HAL_Driver\Src\stm32f3xx_hal_tim_ex.o
LOAD Drivers\STM32F3xx_HAL_Driver\Src\stm32f3xx_hal_uart.o
LOAD Drivers\STM32F3xx_HAL_Driver\Src\stm32f3xx_hal_uart_ex.o
LOAD Src\main.o
LOAD Src\stm32f3xx_hal_msp.o
LOAD Src\stm32f3xx_it.o
LOAD Src\system_stm32f3xx.o
LOAD startup\startup_stm32f303xe.o
LOAD c:/program files (x86)/atollic/truestudio for stm32 9.3.0/armtools/bin/../lib/gcc/arm-atollic-eabi/6.3.1/../../../../arm-atollic-eabi/lib/armv7e-m/fpu\libm.a
                0x00000080                malloc_getpagesize_P = 0x80
START GROUP
LOAD c:/program files (x86)/atollic/truestudio for stm32 9.3.0/armtools/bin/../lib/gcc/arm-atollic-eabi/6.3.1/../../../../arm-atollic-eabi/lib/armv7e-m/fpu\libc_nano.a
LOAD c:/program files (x86)/atollic/truestudio for stm32 9.3.0/armtools/bin/../lib/gcc/arm-atollic-eabi/6.3.1/../../../../arm-atollic-eabi/lib/armv7e-m/fpu\libm.a
END GROUP
START GROUP
LOAD c:/program files (x86)/atollic/truestudio for stm32 9.3.0/armtools/bin/../lib/gcc/arm-atollic-eabi/6.3.1/armv7e-m/fpu\libgcc.a
LOAD c:/program files (x86)/atollic/truestudio for stm32 9.3.0/armtools/bin/../lib/gcc/arm-atollic-eabi/6.3.1/../../../../arm-atollic-eabi/lib/armv7e-m/fpu\libc_nano.a
END GROUP
START GROUP
LOAD c:/program files (x86)/atollic/truestudio for stm32 9.3.0/armtools/bin/../lib/gcc/arm-atollic-eabi/6.3.1/armv7e-m/fpu\libgcc.a
LOAD c:/program files (x86)/atollic/truestudio for stm32 9.3.0/armtools/bin/../lib/gcc/arm-atollic-eabi/6.3.1/../../../../arm-atollic-eabi/lib/armv7e-m/fpu\libc_nano.a
LOAD c:/program files (x86)/atollic/truestudio for stm32 9.3.0/armtools/bin/../lib/gcc/arm-atollic-eabi/6.3.1/../../../../arm-atollic-eabi/lib/armv7e-m/fpu\libnosys.a
END GROUP
START GROUP
LOAD c:/program files (x86)/atollic/truestudio for stm32 9.3.0/armtools/bin/../lib/gcc/arm-atollic-eabi/6.3.1/armv7e-m/fpu\libgcc.a
LOAD c:/program files (x86)/atollic/truestudio for stm32 9.3.0/armtools/bin/../lib/gcc/arm-atollic-eabi/6.3.1/../../../../arm-atollic-eabi/lib/armv7e-m/fpu\libc_nano.a
LOAD c:/program files (x86)/atollic/truestudio for stm32 9.3.0/armtools/bin/../lib/gcc/arm-atollic-eabi/6.3.1/../../../../arm-atollic-eabi/lib/armv7e-m/fpu\libnosys.a
END GROUP
LOAD c:/program files (x86)/atollic/truestudio for stm32 9.3.0/armtools/bin/../lib/gcc/arm-atollic-eabi/6.3.1/armv7e-m/fpu/crtend.o
LOAD c:/program files (x86)/atollic/truestudio for stm32 9.3.0/armtools/bin/../lib/gcc/arm-atollic-eabi/6.3.1/armv7e-m/fpu/crtn.o
                0x20010000                _estack = 0x20010000
                0x00000200                _Min_Heap_Size = 0x200
                0x00000400                _Min_Stack_Size = 0x400

.isr_vector     0x08000000      0x194
                0x08000000                . = ALIGN (0x4)
 *(.isr_vector)
 .isr_vector    0x08000000      0x194 startup\startup_stm32f303xe.o
                0x08000000                g_pfnVectors
                0x08000194                . = ALIGN (0x4)

.text           0x080001a0     0x65cc
                0x080001a0                . = ALIGN (0x4)
 *(.text)
 .text          0x080001a0       0x40 c:/program files (x86)/atollic/truestudio for stm32 9.3.0/armtools/bin/../lib/gcc/arm-atollic-eabi/6.3.1/armv7e-m/fpu/crtbegin.o
 .text          0x080001e0       0x10 c:/program files (x86)/atollic/truestudio for stm32 9.3.0/armtools/bin/../lib/gcc/arm-atollic-eabi/6.3.1/../../../../arm-atollic-eabi/lib/armv7e-m/fpu\libc_nano.a(lib_a-strlen.o)
                0x080001e0                strlen
 .text          0x080001f0       0xa0 c:/program files (x86)/atollic/truestudio for stm32 9.3.0/armtools/bin/../lib/gcc/arm-atollic-eabi/6.3.1/../../../../arm-atollic-eabi/lib/armv7e-m/fpu\libc_nano.a(lib_a-memchr.o)
                0x080001f0                memchr
 .text          0x08000290      0x370 c:/program files (x86)/atollic/truestudio for stm32 9.3.0/armtools/bin/../lib/gcc/arm-atollic-eabi/6.3.1/armv7e-m/fpu\libgcc.a(_arm_addsubdf3.o)
                0x08000290                __aeabi_drsub
                0x08000298                __aeabi_dsub
                0x08000298                __subdf3
                0x0800029c                __aeabi_dadd
                0x0800029c                __adddf3
                0x08000514                __floatunsidf
                0x08000514                __aeabi_ui2d
                0x08000534                __floatsidf
                0x08000534                __aeabi_i2d
                0x08000558                __aeabi_f2d
                0x08000558                __extendsfdf2
                0x08000594                __floatundidf
                0x08000594                __aeabi_ul2d
                0x080005a4                __floatdidf
                0x080005a4                __aeabi_l2d
 .text          0x08000600      0x424 c:/program files (x86)/atollic/truestudio for stm32 9.3.0/armtools/bin/../lib/gcc/arm-atollic-eabi/6.3.1/armv7e-m/fpu\libgcc.a(_arm_muldivdf3.o)
                0x08000600                __aeabi_dmul
                0x08000600                __muldf3
                0x08000854                __divdf3
                0x08000854                __aeabi_ddiv
 .text          0x08000a24      0x110 c:/program files (x86)/atollic/truestudio for stm32 9.3.0/armtools/bin/../lib/gcc/arm-atollic-eabi/6.3.1/armv7e-m/fpu\libgcc.a(_arm_cmpdf2.o)
                0x08000a24                __gtdf2
                0x08000a24                __gedf2
                0x08000a2c                __ltdf2
                0x08000a2c                __ledf2
                0x08000a34                __nedf2
                0x08000a34                __eqdf2
                0x08000a34                __cmpdf2
                0x08000ab0                __aeabi_cdrcmple
                0x08000ac0                __aeabi_cdcmpeq
                0x08000ac0                __aeabi_cdcmple
                0x08000ad0                __aeabi_dcmpeq
                0x08000ae4                __aeabi_dcmplt
                0x08000af8                __aeabi_dcmple
                0x08000b0c                __aeabi_dcmpge
                0x08000b20                __aeabi_dcmpgt
 .text          0x08000b34       0x2c c:/program files (x86)/atollic/truestudio for stm32 9.3.0/armtools/bin/../lib/gcc/arm-atollic-eabi/6.3.1/armv7e-m/fpu\libgcc.a(_arm_unorddf2.o)
                0x08000b34                __unorddf2
                0x08000b34                __aeabi_dcmpun
 .text          0x08000b60       0x50 c:/program files (x86)/atollic/truestudio for stm32 9.3.0/armtools/bin/../lib/gcc/arm-atollic-eabi/6.3.1/armv7e-m/fpu\libgcc.a(_arm_fixdfsi.o)
                0x08000b60                __aeabi_d2iz
                0x08000b60                __fixdfsi
 .text          0x08000bb0       0x40 c:/program files (x86)/atollic/truestudio for stm32 9.3.0/armtools/bin/../lib/gcc/arm-atollic-eabi/6.3.1/armv7e-m/fpu\libgcc.a(_arm_fixunsdfsi.o)
                0x08000bb0                __aeabi_d2uiz
                0x08000bb0                __fixunsdfsi
 .text          0x08000bf0       0xa0 c:/program files (x86)/atollic/truestudio for stm32 9.3.0/armtools/bin/../lib/gcc/arm-atollic-eabi/6.3.1/armv7e-m/fpu\libgcc.a(_arm_truncdfsf2.o)
                0x08000bf0                __truncdfsf2
                0x08000bf0                __aeabi_d2f
 *(.text*)
 .text.HAL_InitTick
                0x08000c90       0x48 Drivers\STM32F3xx_HAL_Driver\Src\stm32f3xx_hal.o
                0x08000c90                HAL_InitTick
 .text.HAL_Init
                0x08000cd8       0x24 Drivers\STM32F3xx_HAL_Driver\Src\stm32f3xx_hal.o
                0x08000cd8                HAL_Init
 .text.HAL_IncTick
                0x08000cfc       0x18 Drivers\STM32F3xx_HAL_Driver\Src\stm32f3xx_hal.o
                0x08000cfc                HAL_IncTick
 .text.HAL_GetTick
                0x08000d14        0xc Drivers\STM32F3xx_HAL_Driver\Src\stm32f3xx_hal.o
                0x08000d14                HAL_GetTick
 .text.HAL_NVIC_SetPriorityGrouping
                0x08000d20       0x24 Drivers\STM32F3xx_HAL_Driver\Src\stm32f3xx_hal_cortex.o
                0x08000d20                HAL_NVIC_SetPriorityGrouping
 .text.HAL_NVIC_SetPriority
                0x08000d44       0x68 Drivers\STM32F3xx_HAL_Driver\Src\stm32f3xx_hal_cortex.o
                0x08000d44                HAL_NVIC_SetPriority
 .text.HAL_NVIC_EnableIRQ
                0x08000dac       0x18 Drivers\STM32F3xx_HAL_Driver\Src\stm32f3xx_hal_cortex.o
                0x08000dac                HAL_NVIC_EnableIRQ
 .text.HAL_SYSTICK_Config
                0x08000dc4       0x2c Drivers\STM32F3xx_HAL_Driver\Src\stm32f3xx_hal_cortex.o
                0x08000dc4                HAL_SYSTICK_Config
 .text.DMA_CalcBaseAndBitshift
                0x08000df0       0x44 Drivers\STM32F3xx_HAL_Driver\Src\stm32f3xx_hal_dma.o
 .text.HAL_DMA_Init
                0x08000e34       0x4e Drivers\STM32F3xx_HAL_Driver\Src\stm32f3xx_hal_dma.o
                0x08000e34                HAL_DMA_Init
 .text.HAL_DMA_Start_IT
                0x08000e82       0x7a Drivers\STM32F3xx_HAL_Driver\Src\stm32f3xx_hal_dma.o
                0x08000e82                HAL_DMA_Start_IT
 .text.HAL_DMA_Abort_IT
                0x08000efc       0x48 Drivers\STM32F3xx_HAL_Driver\Src\stm32f3xx_hal_dma.o
                0x08000efc                HAL_DMA_Abort_IT
 .text.HAL_DMA_IRQHandler
                0x08000f44       0x90 Drivers\STM32F3xx_HAL_Driver\Src\stm32f3xx_hal_dma.o
                0x08000f44                HAL_DMA_IRQHandler
 .text.HAL_GPIO_Init
                0x08000fd4      0x1a0 Drivers\STM32F3xx_HAL_Driver\Src\stm32f3xx_hal_gpio.o
                0x08000fd4                HAL_GPIO_Init
 .text.HAL_GPIO_WritePin
                0x08001174        0xa Drivers\STM32F3xx_HAL_Driver\Src\stm32f3xx_hal_gpio.o
                0x08001174                HAL_GPIO_WritePin
 .text.HAL_GPIO_TogglePin
                0x0800117e        0x8 Drivers\STM32F3xx_HAL_Driver\Src\stm32f3xx_hal_gpio.o
                0x0800117e                HAL_GPIO_TogglePin
 *fill*         0x08001186        0x2 
 .text.HAL_RCC_OscConfig
                0x08001188      0x504 Drivers\STM32F3xx_HAL_Driver\Src\stm32f3xx_hal_rcc.o
                0x08001188                HAL_RCC_OscConfig
 .text.HAL_RCC_GetSysClockFreq
                0x0800168c       0x58 Drivers\STM32F3xx_HAL_Driver\Src\stm32f3xx_hal_rcc.o
                0x0800168c                HAL_RCC_GetSysClockFreq
 .text.HAL_RCC_ClockConfig
                0x080016e4      0x154 Drivers\STM32F3xx_HAL_Driver\Src\stm32f3xx_hal_rcc.o
                0x080016e4                HAL_RCC_ClockConfig
 .text.HAL_RCC_GetPCLK1Freq
                0x08001838       0x30 Drivers\STM32F3xx_HAL_Driver\Src\stm32f3xx_hal_rcc.o
                0x08001838                HAL_RCC_GetPCLK1Freq
 .text.HAL_RCC_GetPCLK2Freq
                0x08001868       0x30 Drivers\STM32F3xx_HAL_Driver\Src\stm32f3xx_hal_rcc.o
                0x08001868                HAL_RCC_GetPCLK2Freq
 .text.HAL_RCCEx_PeriphCLKConfig
                0x08001898      0x288 Drivers\STM32F3xx_HAL_Driver\Src\stm32f3xx_hal_rcc_ex.o
                0x08001898                HAL_RCCEx_PeriphCLKConfig
 .text.HAL_TIM_PWM_MspInit
                0x08001b20        0x2 Drivers\STM32F3xx_HAL_Driver\Src\stm32f3xx_hal_tim.o
                0x08001b20                HAL_TIM_PWM_MspInit
 *fill*         0x08001b22        0x2 
 .text.TIM_Base_SetConfig
                0x08001b24       0xd4 Drivers\STM32F3xx_HAL_Driver\Src\stm32f3xx_hal_tim.o
                0x08001b24                TIM_Base_SetConfig
 .text.HAL_TIM_Base_Init
                0x08001bf8       0x34 Drivers\STM32F3xx_HAL_Driver\Src\stm32f3xx_hal_tim.o
                0x08001bf8                HAL_TIM_Base_Init
 .text.HAL_TIM_PWM_Init
                0x08001c2c       0x34 Drivers\STM32F3xx_HAL_Driver\Src\stm32f3xx_hal_tim.o
                0x08001c2c                HAL_TIM_PWM_Init
 .text.TIM_OC1_SetConfig
                0x08001c60       0xa8 Drivers\STM32F3xx_HAL_Driver\Src\stm32f3xx_hal_tim.o
                0x08001c60                TIM_OC1_SetConfig
 .text.TIM_OC2_SetConfig
                0x08001d08       0x9c Drivers\STM32F3xx_HAL_Driver\Src\stm32f3xx_hal_tim.o
                0x08001d08                TIM_OC2_SetConfig
 .text.TIM_OC3_SetConfig
                0x08001da4       0x98 Drivers\STM32F3xx_HAL_Driver\Src\stm32f3xx_hal_tim.o
                0x08001da4                TIM_OC3_SetConfig
 .text.TIM_OC4_SetConfig
                0x08001e3c       0x70 Drivers\STM32F3xx_HAL_Driver\Src\stm32f3xx_hal_tim.o
                0x08001e3c                TIM_OC4_SetConfig
 .text.TIM_ETR_SetConfig
                0x08001eac       0x14 Drivers\STM32F3xx_HAL_Driver\Src\stm32f3xx_hal_tim.o
                0x08001eac                TIM_ETR_SetConfig
 .text.HAL_TIM_ConfigClockSource
                0x08001ec0      0x16c Drivers\STM32F3xx_HAL_Driver\Src\stm32f3xx_hal_tim.o
                0x08001ec0                HAL_TIM_ConfigClockSource
 .text.TIM_CCxChannelCmd
                0x0800202c       0x18 Drivers\STM32F3xx_HAL_Driver\Src\stm32f3xx_hal_tim.o
                0x0800202c                TIM_CCxChannelCmd
 .text.HAL_TIM_PWM_Start
                0x08002044       0x54 Drivers\STM32F3xx_HAL_Driver\Src\stm32f3xx_hal_tim.o
                0x08002044                HAL_TIM_PWM_Start
 .text.TIM_CCxNChannelCmd
                0x08002098       0x18 Drivers\STM32F3xx_HAL_Driver\Src\stm32f3xx_hal_tim_ex.o
 .text.TIM_OC5_SetConfig
                0x080020b0       0x70 Drivers\STM32F3xx_HAL_Driver\Src\stm32f3xx_hal_tim_ex.o
 .text.TIM_OC6_SetConfig
                0x08002120       0x70 Drivers\STM32F3xx_HAL_Driver\Src\stm32f3xx_hal_tim_ex.o
 .text.HAL_TIMEx_PWMN_Start
                0x08002190       0x22 Drivers\STM32F3xx_HAL_Driver\Src\stm32f3xx_hal_tim_ex.o
                0x08002190                HAL_TIMEx_PWMN_Start
 .text.HAL_TIM_PWM_ConfigChannel
                0x080021b2      0x10e Drivers\STM32F3xx_HAL_Driver\Src\stm32f3xx_hal_tim_ex.o
                0x080021b2                HAL_TIM_PWM_ConfigChannel
 .text.HAL_TIMEx_MasterConfigSynchronization
                0x080022c0       0x54 Drivers\STM32F3xx_HAL_Driver\Src\stm32f3xx_hal_tim_ex.o
                0x080022c0                HAL_TIMEx_MasterConfigSynchronization
 .text.HAL_TIMEx_ConfigBreakDeadTime
                0x08002314       0x8c Drivers\STM32F3xx_HAL_Driver\Src\stm32f3xx_hal_tim_ex.o
                0x08002314                HAL_TIMEx_ConfigBreakDeadTime
 .text.UART_EndRxTransfer
                0x080023a0       0x1a Drivers\STM32F3xx_HAL_Driver\Src\stm32f3xx_hal_uart.o
 .text.HAL_UART_Transmit_IT
                0x080023ba       0x42 Drivers\STM32F3xx_HAL_Driver\Src\stm32f3xx_hal_uart.o
                0x080023ba                HAL_UART_Transmit_IT
 .text.HAL_UART_Receive_DMA
                0x080023fc       0x88 Drivers\STM32F3xx_HAL_Driver\Src\stm32f3xx_hal_uart.o
                0x080023fc                HAL_UART_Receive_DMA
 .text.HAL_UART_TxCpltCallback
                0x08002484        0x2 Drivers\STM32F3xx_HAL_Driver\Src\stm32f3xx_hal_uart.o
                0x08002484                HAL_UART_TxCpltCallback
 .text.UART_DMAReceiveCplt
                0x08002486       0x3a Drivers\STM32F3xx_HAL_Driver\Src\stm32f3xx_hal_uart.o
 .text.HAL_UART_RxHalfCpltCallback
                0x080024c0        0x2 Drivers\STM32F3xx_HAL_Driver\Src\stm32f3xx_hal_uart.o
                0x080024c0                HAL_UART_RxHalfCpltCallback
 .text.UART_DMARxHalfCplt
                0x080024c2        0xa Drivers\STM32F3xx_HAL_Driver\Src\stm32f3xx_hal_uart.o
 .text.HAL_UART_ErrorCallback
                0x080024cc        0x2 Drivers\STM32F3xx_HAL_Driver\Src\stm32f3xx_hal_uart.o
                0x080024cc                HAL_UART_ErrorCallback
 .text.UART_DMAError
                0x080024ce       0x54 Drivers\STM32F3xx_HAL_Driver\Src\stm32f3xx_hal_uart.o
 .text.UART_DMAAbortOnError
                0x08002522       0x14 Drivers\STM32F3xx_HAL_Driver\Src\stm32f3xx_hal_uart.o
 *fill*         0x08002536        0x2 
 .text.UART_SetConfig
                0x08002538      0x210 Drivers\STM32F3xx_HAL_Driver\Src\stm32f3xx_hal_uart.o
                0x08002538                UART_SetConfig
 .text.UART_AdvFeatureConfig
                0x08002748       0xa8 Drivers\STM32F3xx_HAL_Driver\Src\stm32f3xx_hal_uart.o
                0x08002748                UART_AdvFeatureConfig
 .text.UART_WaitOnFlagUntilTimeout
                0x080027f0       0x62 Drivers\STM32F3xx_HAL_Driver\Src\stm32f3xx_hal_uart.o
                0x080027f0                UART_WaitOnFlagUntilTimeout
 .text.UART_CheckIdleState
                0x08002852       0x64 Drivers\STM32F3xx_HAL_Driver\Src\stm32f3xx_hal_uart.o
                0x08002852                UART_CheckIdleState
 .text.HAL_UART_Init
                0x080028b6       0x64 Drivers\STM32F3xx_HAL_Driver\Src\stm32f3xx_hal_uart.o
                0x080028b6                HAL_UART_Init
 .text.UART_Transmit_IT
                0x0800291a       0x5c Drivers\STM32F3xx_HAL_Driver\Src\stm32f3xx_hal_uart.o
                0x0800291a                UART_Transmit_IT
 .text.UART_EndTransmit_IT
                0x08002976       0x1a Drivers\STM32F3xx_HAL_Driver\Src\stm32f3xx_hal_uart.o
                0x08002976                UART_EndTransmit_IT
 .text.UART_Receive_IT
                0x08002990       0x6c Drivers\STM32F3xx_HAL_Driver\Src\stm32f3xx_hal_uart.o
                0x08002990                UART_Receive_IT
 .text.HAL_UART_IRQHandler
                0x080029fc      0x12c Drivers\STM32F3xx_HAL_Driver\Src\stm32f3xx_hal_uart.o
                0x080029fc                HAL_UART_IRQHandler
 .text.HAL_UARTEx_WakeupCallback
                0x08002b28        0x2 Drivers\STM32F3xx_HAL_Driver\Src\stm32f3xx_hal_uart_ex.o
                0x08002b28                HAL_UARTEx_WakeupCallback
 *fill*         0x08002b2a        0x2 
 .text.set_led_brightness
                0x08002b2c       0x64 Src\main.o
                0x08002b2c                set_led_brightness
 .text.hsv2rgb  0x08002b90      0x19c Src\main.o
                0x08002b90                hsv2rgb
 .text.set_color
                0x08002d2c       0x7c Src\main.o
                0x08002d2c                set_color
 .text.HAL_UART_RxCpltCallback
                0x08002da8       0xb0 Src\main.o
                0x08002da8                HAL_UART_RxCpltCallback
 .text.SystemClock_Config
                0x08002e58       0x78 Src\main.o
                0x08002e58                SystemClock_Config
 .text.startup.main
                0x08002ed0      0x318 Src\main.o
                0x08002ed0                main
 .text.Error_Handler
                0x080031e8        0x2 Src\main.o
                0x080031e8                Error_Handler
 *fill*         0x080031ea        0x2 
 .text.HAL_MspInit
                0x080031ec       0x38 Src\stm32f3xx_hal_msp.o
                0x080031ec                HAL_MspInit
 .text.HAL_TIM_Base_MspInit
                0x08003224       0x48 Src\stm32f3xx_hal_msp.o
                0x08003224                HAL_TIM_Base_MspInit
 .text.HAL_TIM_MspPostInit
                0x0800326c       0x7c Src\stm32f3xx_hal_msp.o
                0x0800326c                HAL_TIM_MspPostInit
 .text.HAL_UART_MspInit
                0x080032e8      0x190 Src\stm32f3xx_hal_msp.o
                0x080032e8                HAL_UART_MspInit
 .text.NMI_Handler
                0x08003478        0x2 Src\stm32f3xx_it.o
                0x08003478                NMI_Handler
 .text.HardFault_Handler
                0x0800347a        0x2 Src\stm32f3xx_it.o
                0x0800347a                HardFault_Handler
 .text.MemManage_Handler
                0x0800347c        0x2 Src\stm32f3xx_it.o
                0x0800347c                MemManage_Handler
 .text.BusFault_Handler
                0x0800347e        0x2 Src\stm32f3xx_it.o
                0x0800347e                BusFault_Handler
 .text.UsageFault_Handler
                0x08003480        0x2 Src\stm32f3xx_it.o
                0x08003480                UsageFault_Handler
 .text.SVC_Handler
                0x08003482        0x2 Src\stm32f3xx_it.o
                0x08003482                SVC_Handler
 .text.DebugMon_Handler
                0x08003484        0x2 Src\stm32f3xx_it.o
                0x08003484                DebugMon_Handler
 .text.PendSV_Handler
                0x08003486        0x2 Src\stm32f3xx_it.o
                0x08003486                PendSV_Handler
 .text.SysTick_Handler
                0x08003488        0x4 Src\stm32f3xx_it.o
                0x08003488                SysTick_Handler
 .text.DMA1_Channel4_IRQHandler
                0x0800348c        0xc Src\stm32f3xx_it.o
                0x0800348c                DMA1_Channel4_IRQHandler
 .text.DMA1_Channel5_IRQHandler
                0x08003498        0xc Src\stm32f3xx_it.o
                0x08003498                DMA1_Channel5_IRQHandler
 .text.DMA1_Channel6_IRQHandler
                0x080034a4        0xc Src\stm32f3xx_it.o
                0x080034a4                DMA1_Channel6_IRQHandler
 .text.DMA1_Channel7_IRQHandler
                0x080034b0        0xc Src\stm32f3xx_it.o
                0x080034b0                DMA1_Channel7_IRQHandler
 .text.USART1_IRQHandler
                0x080034bc        0xc Src\stm32f3xx_it.o
                0x080034bc                USART1_IRQHandler
 .text.USART2_IRQHandler
                0x080034c8        0xc Src\stm32f3xx_it.o
                0x080034c8                USART2_IRQHandler
 .text.SystemInit
                0x080034d4       0x68 Src\system_stm32f3xx.o
                0x080034d4                SystemInit
 .text.Reset_Handler
                0x0800353c       0x50 startup\startup_stm32f303xe.o
                0x0800353c                Reset_Handler
 .text.Default_Handler
                0x0800358c        0x2 startup\startup_stm32f303xe.o
                0x0800358c                RTC_Alarm_IRQHandler
                0x0800358c                TIM8_TRG_COM_IRQHandler
                0x0800358c                TIM8_CC_IRQHandler
                0x0800358c                SPI4_IRQHandler
                0x0800358c                TIM1_CC_IRQHandler
                0x0800358c                USB_HP_IRQHandler
                0x0800358c                PVD_IRQHandler
                0x0800358c                TAMP_STAMP_IRQHandler
                0x0800358c                EXTI3_IRQHandler
                0x0800358c                I2C3_ER_IRQHandler
                0x0800358c                USB_HP_CAN_TX_IRQHandler
                0x0800358c                EXTI0_IRQHandler
                0x0800358c                I2C2_EV_IRQHandler
                0x0800358c                FPU_IRQHandler
                0x0800358c                TIM1_UP_TIM16_IRQHandler
                0x0800358c                ADC1_2_IRQHandler
                0x0800358c                SPI1_IRQHandler
                0x0800358c                CAN_SCE_IRQHandler
                0x0800358c                TIM6_DAC_IRQHandler
                0x0800358c                TIM8_UP_IRQHandler
                0x0800358c                DMA2_Channel2_IRQHandler
                0x0800358c                TIM20_TRG_COM_IRQHandler
                0x0800358c                USART3_IRQHandler
                0x0800358c                UART5_IRQHandler
                0x0800358c                ADC3_IRQHandler
                0x0800358c                TIM4_IRQHandler
                0x0800358c                CAN_RX1_IRQHandler
                0x0800358c                DMA2_Channel1_IRQHandler
                0x0800358c                I2C1_EV_IRQHandler
                0x0800358c                UART4_IRQHandler
                0x0800358c                DMA2_Channel4_IRQHandler
                0x0800358c                TIM3_IRQHandler
                0x0800358c                RCC_IRQHandler
                0x0800358c                TIM20_UP_IRQHandler
                0x0800358c                DMA1_Channel1_IRQHandler
                0x0800358c                Default_Handler
                0x0800358c                USBWakeUp_RMP_IRQHandler
                0x0800358c                EXTI15_10_IRQHandler
                0x0800358c                TIM7_IRQHandler
                0x0800358c                I2C3_EV_IRQHandler
                0x0800358c                EXTI9_5_IRQHandler
                0x0800358c                RTC_WKUP_IRQHandler
                0x0800358c                SPI2_IRQHandler
                0x0800358c                USB_LP_CAN_RX0_IRQHandler
                0x0800358c                DMA2_Channel5_IRQHandler
                0x0800358c                USB_LP_IRQHandler
                0x0800358c                EXTI4_IRQHandler
                0x0800358c                TIM1_TRG_COM_TIM17_IRQHandler
                0x0800358c                DMA1_Channel3_IRQHandler
                0x0800358c                ADC4_IRQHandler
                0x0800358c                WWDG_IRQHandler
                0x0800358c                TIM2_IRQHandler
                0x0800358c                COMP7_IRQHandler
                0x0800358c                COMP1_2_3_IRQHandler
                0x0800358c                EXTI1_IRQHandler
                0x0800358c                COMP4_5_6_IRQHandler
                0x0800358c                TIM20_BRK_IRQHandler
                0x0800358c                I2C2_ER_IRQHandler
                0x0800358c                DMA1_Channel2_IRQHandler
                0x0800358c                TIM8_BRK_IRQHandler
                0x0800358c                FLASH_IRQHandler
                0x0800358c                TIM20_CC_IRQHandler
                0x0800358c                SPI3_IRQHandler
                0x0800358c                I2C1_ER_IRQHandler
                0x0800358c                FMC_IRQHandler
                0x0800358c                USBWakeUp_IRQHandler
                0x0800358c                DMA2_Channel3_IRQHandler
                0x0800358c                EXTI2_TSC_IRQHandler
                0x0800358c                TIM1_BRK_TIM15_IRQHandler
 *fill*         0x0800358e        0x2 
 .text.fmod     0x08003590       0xc8 c:/program files (x86)/atollic/truestudio for stm32 9.3.0/armtools/bin/../lib/gcc/arm-atollic-eabi/6.3.1/../../../../arm-atollic-eabi/lib/armv7e-m/fpu\libm.a(lib_a-w_fmod.o)
                0x08003590                fmod
 .text.powf     0x08003658      0x2f8 c:/program files (x86)/atollic/truestudio for stm32 9.3.0/armtools/bin/../lib/gcc/arm-atollic-eabi/6.3.1/../../../../arm-atollic-eabi/lib/armv7e-m/fpu\libm.a(lib_a-wf_pow.o)
                0x08003658                powf
 .text.__ieee754_fmod
                0x08003950      0x230 c:/program files (x86)/atollic/truestudio for stm32 9.3.0/armtools/bin/../lib/gcc/arm-atollic-eabi/6.3.1/../../../../arm-atollic-eabi/lib/armv7e-m/fpu\libm.a(lib_a-e_fmod.o)
                0x08003950                __ieee754_fmod
 .text.__ieee754_powf
                0x08003b80      0x584 c:/program files (x86)/atollic/truestudio for stm32 9.3.0/armtools/bin/../lib/gcc/arm-atollic-eabi/6.3.1/../../../../arm-atollic-eabi/lib/armv7e-m/fpu\libm.a(lib_a-ef_pow.o)
                0x08003b80                __ieee754_powf
 .text.__ieee754_sqrtf
                0x08004104       0x8e c:/program files (x86)/atollic/truestudio for stm32 9.3.0/armtools/bin/../lib/gcc/arm-atollic-eabi/6.3.1/../../../../arm-atollic-eabi/lib/armv7e-m/fpu\libm.a(lib_a-ef_sqrt.o)
                0x08004104                __ieee754_sqrtf
 .text.matherr  0x08004192        0x4 c:/program files (x86)/atollic/truestudio for stm32 9.3.0/armtools/bin/../lib/gcc/arm-atollic-eabi/6.3.1/../../../../arm-atollic-eabi/lib/armv7e-m/fpu\libm.a(lib_a-s_matherr.o)
                0x08004192                matherr
 *fill*         0x08004196        0x2 
 .text.rint     0x08004198      0x110 c:/program files (x86)/atollic/truestudio for stm32 9.3.0/armtools/bin/../lib/gcc/arm-atollic-eabi/6.3.1/../../../../arm-atollic-eabi/lib/armv7e-m/fpu\libm.a(lib_a-s_rint.o)
                0x08004198                rint
 .text.fabsf    0x080042a8        0xe c:/program files (x86)/atollic/truestudio for stm32 9.3.0/armtools/bin/../lib/gcc/arm-atollic-eabi/6.3.1/../../../../arm-atollic-eabi/lib/armv7e-m/fpu\libm.a(lib_a-sf_fabs.o)
                0x080042a8                fabsf
 .text.finitef  0x080042b6       0x14 c:/program files (x86)/atollic/truestudio for stm32 9.3.0/armtools/bin/../lib/gcc/arm-atollic-eabi/6.3.1/../../../../arm-atollic-eabi/lib/armv7e-m/fpu\libm.a(lib_a-sf_finite.o)
                0x080042b6                finitef
 *fill*         0x080042ca        0x2 
 .text.nanf     0x080042cc        0xc c:/program files (x86)/atollic/truestudio for stm32 9.3.0/armtools/bin/../lib/gcc/arm-atollic-eabi/6.3.1/../../../../arm-atollic-eabi/lib/armv7e-m/fpu\libm.a(lib_a-sf_nan.o)
                0x080042cc                nanf
 .text.scalbnf  0x080042d8       0xc0 c:/program files (x86)/atollic/truestudio for stm32 9.3.0/armtools/bin/../lib/gcc/arm-atollic-eabi/6.3.1/../../../../arm-atollic-eabi/lib/armv7e-m/fpu\libm.a(lib_a-sf_scalbn.o)
                0x080042d8                scalbnf
 .text.copysignf
                0x08004398       0x18 c:/program files (x86)/atollic/truestudio for stm32 9.3.0/armtools/bin/../lib/gcc/arm-atollic-eabi/6.3.1/../../../../arm-atollic-eabi/lib/armv7e-m/fpu\libm.a(lib_a-sf_copysign.o)
                0x08004398                copysignf
 .text.atof     0x080043b0        0x6 c:/program files (x86)/atollic/truestudio for stm32 9.3.0/armtools/bin/../lib/gcc/arm-atollic-eabi/6.3.1/../../../../arm-atollic-eabi/lib/armv7e-m/fpu\libc_nano.a(lib_a-atof.o)
                0x080043b0                atof
 *fill*         0x080043b6        0x2 
 .text.__errno  0x080043b8        0xc c:/program files (x86)/atollic/truestudio for stm32 9.3.0/armtools/bin/../lib/gcc/arm-atollic-eabi/6.3.1/../../../../arm-atollic-eabi/lib/armv7e-m/fpu\libc_nano.a(lib_a-errno.o)
                0x080043b8                __errno
 .text.__libc_init_array
                0x080043c4       0x48 c:/program files (x86)/atollic/truestudio for stm32 9.3.0/armtools/bin/../lib/gcc/arm-atollic-eabi/6.3.1/../../../../arm-atollic-eabi/lib/armv7e-m/fpu\libc_nano.a(lib_a-init.o)
                0x080043c4                __libc_init_array
 .text.memset   0x0800440c       0x10 c:/program files (x86)/atollic/truestudio for stm32 9.3.0/armtools/bin/../lib/gcc/arm-atollic-eabi/6.3.1/../../../../arm-atollic-eabi/lib/armv7e-m/fpu\libc_nano.a(lib_a-memset.o)
                0x0800440c                memset
 .text.sprintf  0x0800441c       0x48 c:/program files (x86)/atollic/truestudio for stm32 9.3.0/armtools/bin/../lib/gcc/arm-atollic-eabi/6.3.1/../../../../arm-atollic-eabi/lib/armv7e-m/fpu\libc_nano.a(lib_a-sprintf.o)
                0x0800441c                siprintf
                0x0800441c                sprintf
 .text.unlikely.sulp
                0x08004464       0x38 c:/program files (x86)/atollic/truestudio for stm32 9.3.0/armtools/bin/../lib/gcc/arm-atollic-eabi/6.3.1/../../../../arm-atollic-eabi/lib/armv7e-m/fpu\libc_nano.a(lib_a-strtod.o)
 *fill*         0x0800449c        0x4 
 .text._strtod_l
                0x080044a0      0xbd8 c:/program files (x86)/atollic/truestudio for stm32 9.3.0/armtools/bin/../lib/gcc/arm-atollic-eabi/6.3.1/../../../../arm-atollic-eabi/lib/armv7e-m/fpu\libc_nano.a(lib_a-strtod.o)
                0x080044a0                _strtod_l
 .text.strtod   0x08005078       0x28 c:/program files (x86)/atollic/truestudio for stm32 9.3.0/armtools/bin/../lib/gcc/arm-atollic-eabi/6.3.1/../../../../arm-atollic-eabi/lib/armv7e-m/fpu\libc_nano.a(lib_a-strtod.o)
                0x08005078                strtod
 .text.rshift   0x080050a0       0x6a c:/program files (x86)/atollic/truestudio for stm32 9.3.0/armtools/bin/../lib/gcc/arm-atollic-eabi/6.3.1/../../../../arm-atollic-eabi/lib/armv7e-m/fpu\libc_nano.a(lib_a-gdtoa-gethex.o)
 .text.__hexdig_fun
                0x0800510a       0x2a c:/program files (x86)/atollic/truestudio for stm32 9.3.0/armtools/bin/../lib/gcc/arm-atollic-eabi/6.3.1/../../../../arm-atollic-eabi/lib/armv7e-m/fpu\libc_nano.a(lib_a-gdtoa-gethex.o)
                0x0800510a                __hexdig_fun
 .text.__gethex
                0x08005134      0x43c c:/program files (x86)/atollic/truestudio for stm32 9.3.0/armtools/bin/../lib/gcc/arm-atollic-eabi/6.3.1/../../../../arm-atollic-eabi/lib/armv7e-m/fpu\libc_nano.a(lib_a-gdtoa-gethex.o)
                0x08005134                __gethex
 .text.L_shift  0x08005570       0x24 c:/program files (x86)/atollic/truestudio for stm32 9.3.0/armtools/bin/../lib/gcc/arm-atollic-eabi/6.3.1/../../../../arm-atollic-eabi/lib/armv7e-m/fpu\libc_nano.a(lib_a-gdtoa-hexnan.o)
 .text.__match  0x08005594       0x26 c:/program files (x86)/atollic/truestudio for stm32 9.3.0/armtools/bin/../lib/gcc/arm-atollic-eabi/6.3.1/../../../../arm-atollic-eabi/lib/armv7e-m/fpu\libc_nano.a(lib_a-gdtoa-hexnan.o)
                0x08005594                __match
 .text.__hexnan
                0x080055ba      0x120 c:/program files (x86)/atollic/truestudio for stm32 9.3.0/armtools/bin/../lib/gcc/arm-atollic-eabi/6.3.1/../../../../arm-atollic-eabi/lib/armv7e-m/fpu\libc_nano.a(lib_a-gdtoa-hexnan.o)
                0x080055ba                __hexnan
 .text.__localeconv_l
                0x080056da        0x4 c:/program files (x86)/atollic/truestudio for stm32 9.3.0/armtools/bin/../lib/gcc/arm-atollic-eabi/6.3.1/../../../../arm-atollic-eabi/lib/armv7e-m/fpu\libc_nano.a(lib_a-localeconv.o)
                0x080056da                __localeconv_l
 .text.__ascii_mbtowc
                0x080056de       0x24 c:/program files (x86)/atollic/truestudio for stm32 9.3.0/armtools/bin/../lib/gcc/arm-atollic-eabi/6.3.1/../../../../arm-atollic-eabi/lib/armv7e-m/fpu\libc_nano.a(lib_a-mbtowc_r.o)
                0x080056de                __ascii_mbtowc
 .text.memcpy   0x08005702       0x16 c:/program files (x86)/atollic/truestudio for stm32 9.3.0/armtools/bin/../lib/gcc/arm-atollic-eabi/6.3.1/../../../../arm-atollic-eabi/lib/armv7e-m/fpu\libc_nano.a(lib_a-memcpy-stub.o)
                0x08005702                memcpy
 .text._Balloc  0x08005718       0x68 c:/program files (x86)/atollic/truestudio for stm32 9.3.0/armtools/bin/../lib/gcc/arm-atollic-eabi/6.3.1/../../../../arm-atollic-eabi/lib/armv7e-m/fpu\libc_nano.a(lib_a-mprec.o)
                0x08005718                _Balloc
 .text._Bfree   0x08005780       0x2e c:/program files (x86)/atollic/truestudio for stm32 9.3.0/armtools/bin/../lib/gcc/arm-atollic-eabi/6.3.1/../../../../arm-atollic-eabi/lib/armv7e-m/fpu\libc_nano.a(lib_a-mprec.o)
                0x08005780                _Bfree
 .text.__multadd
                0x080057ae       0x76 c:/program files (x86)/atollic/truestudio for stm32 9.3.0/armtools/bin/../lib/gcc/arm-atollic-eabi/6.3.1/../../../../arm-atollic-eabi/lib/armv7e-m/fpu\libc_nano.a(lib_a-mprec.o)
                0x080057ae                __multadd
 .text.__s2b    0x08005824       0x7c c:/program files (x86)/atollic/truestudio for stm32 9.3.0/armtools/bin/../lib/gcc/arm-atollic-eabi/6.3.1/../../../../arm-atollic-eabi/lib/armv7e-m/fpu\libc_nano.a(lib_a-mprec.o)
                0x08005824                __s2b
 .text.__hi0bits
                0x080058a0       0x3e c:/program files (x86)/atollic/truestudio for stm32 9.3.0/armtools/bin/../lib/gcc/arm-atollic-eabi/6.3.1/../../../../arm-atollic-eabi/lib/armv7e-m/fpu\libc_nano.a(lib_a-mprec.o)
                0x080058a0                __hi0bits
 .text.__lo0bits
                0x080058de       0x5e c:/program files (x86)/atollic/truestudio for stm32 9.3.0/armtools/bin/../lib/gcc/arm-atollic-eabi/6.3.1/../../../../arm-atollic-eabi/lib/armv7e-m/fpu\libc_nano.a(lib_a-mprec.o)
                0x080058de                __lo0bits
 .text.__i2b    0x0800593c       0x12 c:/program files (x86)/atollic/truestudio for stm32 9.3.0/armtools/bin/../lib/gcc/arm-atollic-eabi/6.3.1/../../../../arm-atollic-eabi/lib/armv7e-m/fpu\libc_nano.a(lib_a-mprec.o)
                0x0800593c                __i2b
 .text.__multiply
                0x0800594e      0x11a c:/program files (x86)/atollic/truestudio for stm32 9.3.0/armtools/bin/../lib/gcc/arm-atollic-eabi/6.3.1/../../../../arm-atollic-eabi/lib/armv7e-m/fpu\libc_nano.a(lib_a-mprec.o)
                0x0800594e                __multiply
 .text.__pow5mult
                0x08005a68       0x9c c:/program files (x86)/atollic/truestudio for stm32 9.3.0/armtools/bin/../lib/gcc/arm-atollic-eabi/6.3.1/../../../../arm-atollic-eabi/lib/armv7e-m/fpu\libc_nano.a(lib_a-mprec.o)
                0x08005a68                __pow5mult
 .text.__lshift
                0x08005b04       0xa2 c:/program files (x86)/atollic/truestudio for stm32 9.3.0/armtools/bin/../lib/gcc/arm-atollic-eabi/6.3.1/../../../../arm-atollic-eabi/lib/armv7e-m/fpu\libc_nano.a(lib_a-mprec.o)
                0x08005b04                __lshift
 .text.__mcmp   0x08005ba6       0x34 c:/program files (x86)/atollic/truestudio for stm32 9.3.0/armtools/bin/../lib/gcc/arm-atollic-eabi/6.3.1/../../../../arm-atollic-eabi/lib/armv7e-m/fpu\libc_nano.a(lib_a-mprec.o)
                0x08005ba6                __mcmp
 .text.__mdiff  0x08005bda       0xbc c:/program files (x86)/atollic/truestudio for stm32 9.3.0/armtools/bin/../lib/gcc/arm-atollic-eabi/6.3.1/../../../../arm-atollic-eabi/lib/armv7e-m/fpu\libc_nano.a(lib_a-mprec.o)
                0x08005bda                __mdiff
 *fill*         0x08005c96        0x2 
 .text.__ulp    0x08005c98       0x50 c:/program files (x86)/atollic/truestudio for stm32 9.3.0/armtools/bin/../lib/gcc/arm-atollic-eabi/6.3.1/../../../../arm-atollic-eabi/lib/armv7e-m/fpu\libc_nano.a(lib_a-mprec.o)
                0x08005c98                __ulp
 .text.__b2d    0x08005ce8       0x9c c:/program files (x86)/atollic/truestudio for stm32 9.3.0/armtools/bin/../lib/gcc/arm-atollic-eabi/6.3.1/../../../../arm-atollic-eabi/lib/armv7e-m/fpu\libc_nano.a(lib_a-mprec.o)
                0x08005ce8                __b2d
 .text.__d2b    0x08005d84       0x9e c:/program files (x86)/atollic/truestudio for stm32 9.3.0/armtools/bin/../lib/gcc/arm-atollic-eabi/6.3.1/../../../../arm-atollic-eabi/lib/armv7e-m/fpu\libc_nano.a(lib_a-mprec.o)
                0x08005d84                __d2b
 .text.__ratio  0x08005e22       0x58 c:/program files (x86)/atollic/truestudio for stm32 9.3.0/armtools/bin/../lib/gcc/arm-atollic-eabi/6.3.1/../../../../arm-atollic-eabi/lib/armv7e-m/fpu\libc_nano.a(lib_a-mprec.o)
                0x08005e22                __ratio
 .text.__copybits
                0x08005e7a       0x34 c:/program files (x86)/atollic/truestudio for stm32 9.3.0/armtools/bin/../lib/gcc/arm-atollic-eabi/6.3.1/../../../../arm-atollic-eabi/lib/armv7e-m/fpu\libc_nano.a(lib_a-mprec.o)
                0x08005e7a                __copybits
 .text.__any_on
                0x08005eae       0x42 c:/program files (x86)/atollic/truestudio for stm32 9.3.0/armtools/bin/../lib/gcc/arm-atollic-eabi/6.3.1/../../../../arm-atollic-eabi/lib/armv7e-m/fpu\libc_nano.a(lib_a-mprec.o)
                0x08005eae                __any_on
 .text._calloc_r
                0x08005ef0       0x1c c:/program files (x86)/atollic/truestudio for stm32 9.3.0/armtools/bin/../lib/gcc/arm-atollic-eabi/6.3.1/../../../../arm-atollic-eabi/lib/armv7e-m/fpu\libc_nano.a(lib_a-nano-callocr.o)
                0x08005ef0                _calloc_r
 .text._malloc_r
                0x08005f0c       0xbc c:/program files (x86)/atollic/truestudio for stm32 9.3.0/armtools/bin/../lib/gcc/arm-atollic-eabi/6.3.1/../../../../arm-atollic-eabi/lib/armv7e-m/fpu\libc_nano.a(lib_a-nano-mallocr.o)
                0x08005f0c                _malloc_r
 .text.__ssputs_r
                0x08005fc8       0xb6 c:/program files (x86)/atollic/truestudio for stm32 9.3.0/armtools/bin/../lib/gcc/arm-atollic-eabi/6.3.1/../../../../arm-atollic-eabi/lib/armv7e-m/fpu\libc_nano.a(lib_a-nano-svfprintf.o)
                0x08005fc8                __ssputs_r
 *fill*         0x0800607e        0x2 
 .text._svfprintf_r
                0x08006080      0x1e8 c:/program files (x86)/atollic/truestudio for stm32 9.3.0/armtools/bin/../lib/gcc/arm-atollic-eabi/6.3.1/../../../../arm-atollic-eabi/lib/armv7e-m/fpu\libc_nano.a(lib_a-nano-svfprintf.o)
                0x08006080                _svfiprintf_r
                0x08006080                _svfprintf_r
 .text._printf_common
                0x08006268       0xec c:/program files (x86)/atollic/truestudio for stm32 9.3.0/armtools/bin/../lib/gcc/arm-atollic-eabi/6.3.1/../../../../arm-atollic-eabi/lib/armv7e-m/fpu\libc_nano.a(lib_a-nano-vfprintf_i.o)
                0x08006268                _printf_common
 .text._printf_i
                0x08006354      0x240 c:/program files (x86)/atollic/truestudio for stm32 9.3.0/armtools/bin/../lib/gcc/arm-atollic-eabi/6.3.1/../../../../arm-atollic-eabi/lib/armv7e-m/fpu\libc_nano.a(lib_a-nano-vfprintf_i.o)
                0x08006354                _printf_i
 .text._sbrk_r  0x08006594       0x20 c:/program files (x86)/atollic/truestudio for stm32 9.3.0/armtools/bin/../lib/gcc/arm-atollic-eabi/6.3.1/../../../../arm-atollic-eabi/lib/armv7e-m/fpu\libc_nano.a(lib_a-sbrkr.o)
                0x08006594                _sbrk_r
 .text.strncmp  0x080065b4       0x24 c:/program files (x86)/atollic/truestudio for stm32 9.3.0/armtools/bin/../lib/gcc/arm-atollic-eabi/6.3.1/../../../../arm-atollic-eabi/lib/armv7e-m/fpu\libc_nano.a(lib_a-strncmp.o)
                0x080065b4                strncmp
 .text.__ascii_wctomb
                0x080065d8       0x1a c:/program files (x86)/atollic/truestudio for stm32 9.3.0/armtools/bin/../lib/gcc/arm-atollic-eabi/6.3.1/../../../../arm-atollic-eabi/lib/armv7e-m/fpu\libc_nano.a(lib_a-wctomb_r.o)
                0x080065d8                __ascii_wctomb
 *fill*         0x080065f2        0x2 
 .text.malloc   0x080065f4       0x10 c:/program files (x86)/atollic/truestudio for stm32 9.3.0/armtools/bin/../lib/gcc/arm-atollic-eabi/6.3.1/../../../../arm-atollic-eabi/lib/armv7e-m/fpu\libc_nano.a(lib_a-malloc.o)
                0x080065f4                malloc
 .text.memmove  0x08006604       0x34 c:/program files (x86)/atollic/truestudio for stm32 9.3.0/armtools/bin/../lib/gcc/arm-atollic-eabi/6.3.1/../../../../arm-atollic-eabi/lib/armv7e-m/fpu\libc_nano.a(lib_a-memmove.o)
                0x08006604                memmove
 .text.__malloc_lock
                0x08006638        0x2 c:/program files (x86)/atollic/truestudio for stm32 9.3.0/armtools/bin/../lib/gcc/arm-atollic-eabi/6.3.1/../../../../arm-atollic-eabi/lib/armv7e-m/fpu\libc_nano.a(lib_a-mlock.o)
                0x08006638                __malloc_lock
 .text.__malloc_unlock
                0x0800663a        0x2 c:/program files (x86)/atollic/truestudio for stm32 9.3.0/armtools/bin/../lib/gcc/arm-atollic-eabi/6.3.1/../../../../arm-atollic-eabi/lib/armv7e-m/fpu\libc_nano.a(lib_a-mlock.o)
                0x0800663a                __malloc_unlock
 .text._free_r  0x0800663c       0x9c c:/program files (x86)/atollic/truestudio for stm32 9.3.0/armtools/bin/../lib/gcc/arm-atollic-eabi/6.3.1/../../../../arm-atollic-eabi/lib/armv7e-m/fpu\libc_nano.a(lib_a-nano-freer.o)
                0x0800663c                _free_r
 .text._realloc_r
                0x080066d8       0x4c c:/program files (x86)/atollic/truestudio for stm32 9.3.0/armtools/bin/../lib/gcc/arm-atollic-eabi/6.3.1/../../../../arm-atollic-eabi/lib/armv7e-m/fpu\libc_nano.a(lib_a-nano-reallocr.o)
                0x080066d8                _realloc_r
 .text._malloc_usable_size_r
                0x08006724       0x12 c:/program files (x86)/atollic/truestudio for stm32 9.3.0/armtools/bin/../lib/gcc/arm-atollic-eabi/6.3.1/../../../../arm-atollic-eabi/lib/armv7e-m/fpu\libc_nano.a(lib_a-nano-msizer.o)
                0x08006724                _malloc_usable_size_r
 *fill*         0x08006736        0x2 
 .text._sbrk    0x08006738       0x1c c:/program files (x86)/atollic/truestudio for stm32 9.3.0/armtools/bin/../lib/gcc/arm-atollic-eabi/6.3.1/../../../../arm-atollic-eabi/lib/armv7e-m/fpu\libnosys.a(sbrk.o)
                0x08006738                _sbrk
 *(.glue_7)
 .glue_7        0x08006754        0x0 linker stubs
 *(.glue_7t)
 .glue_7t       0x08006754        0x0 linker stubs
 *(.eh_frame)
 .eh_frame      0x08006754        0x0 c:/program files (x86)/atollic/truestudio for stm32 9.3.0/armtools/bin/../lib/gcc/arm-atollic-eabi/6.3.1/armv7e-m/fpu/crtbegin.o
 *(.init)
 .init          0x08006754        0x4 c:/program files (x86)/atollic/truestudio for stm32 9.3.0/armtools/bin/../lib/gcc/arm-atollic-eabi/6.3.1/armv7e-m/fpu/crti.o
                0x08006754                _init
 .init          0x08006758        0x8 c:/program files (x86)/atollic/truestudio for stm32 9.3.0/armtools/bin/../lib/gcc/arm-atollic-eabi/6.3.1/armv7e-m/fpu/crtn.o
 *(.fini)
 .fini          0x08006760        0x4 c:/program files (x86)/atollic/truestudio for stm32 9.3.0/armtools/bin/../lib/gcc/arm-atollic-eabi/6.3.1/armv7e-m/fpu/crti.o
                0x08006760                _fini
 .fini          0x08006764        0x8 c:/program files (x86)/atollic/truestudio for stm32 9.3.0/armtools/bin/../lib/gcc/arm-atollic-eabi/6.3.1/armv7e-m/fpu/crtn.o
                0x0800676c                . = ALIGN (0x4)
                0x0800676c                _etext = .

.vfp11_veneer   0x0800676c        0x0
 .vfp11_veneer  0x0800676c        0x0 linker stubs

.v4_bx          0x0800676c        0x0
 .v4_bx         0x0800676c        0x0 linker stubs

.iplt           0x0800676c        0x0
 .iplt          0x0800676c        0x0 c:/program files (x86)/atollic/truestudio for stm32 9.3.0/armtools/bin/../lib/gcc/arm-atollic-eabi/6.3.1/armv7e-m/fpu/crtbegin.o

.rodata         0x08006770      0x338
                0x08006770                . = ALIGN (0x4)
 *(.rodata)
 *(.rodata*)
 .rodata.aPLLMULFactorTable
                0x08006770       0x10 Drivers\STM32F3xx_HAL_Driver\Src\stm32f3xx_hal_rcc.o
                0x08006770                aPLLMULFactorTable
 .rodata.aPredivFactorTable
                0x08006780       0x10 Drivers\STM32F3xx_HAL_Driver\Src\stm32f3xx_hal_rcc.o
                0x08006780                aPredivFactorTable
 .rodata.CSWTCH.45
                0x08006790        0x4 Drivers\STM32F3xx_HAL_Driver\Src\stm32f3xx_hal_uart.o
 .rodata.HAL_UART_RxCpltCallback.str1.1
                0x08006794       0x19 Src\main.o
 .rodata.AHBPrescTable
                0x080067ad       0x10 Src\system_stm32f3xx.o
                0x080067ad                AHBPrescTable
 .rodata.APBPrescTable
                0x080067bd        0x8 Src\system_stm32f3xx.o
                0x080067bd                APBPrescTable
 .rodata.fmod.str1.1
                0x080067c5        0x5 c:/program files (x86)/atollic/truestudio for stm32 9.3.0/armtools/bin/../lib/gcc/arm-atollic-eabi/6.3.1/../../../../arm-atollic-eabi/lib/armv7e-m/fpu\libm.a(lib_a-w_fmod.o)
 .rodata.powf.str1.1
                0x080067ca        0x5 c:/program files (x86)/atollic/truestudio for stm32 9.3.0/armtools/bin/../lib/gcc/arm-atollic-eabi/6.3.1/../../../../arm-atollic-eabi/lib/armv7e-m/fpu\libm.a(lib_a-wf_pow.o)
 *fill*         0x080067cf        0x1 
 .rodata.Zero   0x080067d0       0x10 c:/program files (x86)/atollic/truestudio for stm32 9.3.0/armtools/bin/../lib/gcc/arm-atollic-eabi/6.3.1/../../../../arm-atollic-eabi/lib/armv7e-m/fpu\libm.a(lib_a-e_fmod.o)
 .rodata.__ieee754_powf.str1.1
                0x080067e0        0x5 c:/program files (x86)/atollic/truestudio for stm32 9.3.0/armtools/bin/../lib/gcc/arm-atollic-eabi/6.3.1/../../../../arm-atollic-eabi/lib/armv7e-m/fpu\libm.a(lib_a-ef_pow.o)
                                  0x1 (size before relaxing)
 .rodata.bp     0x080067e0        0x8 c:/program files (x86)/atollic/truestudio for stm32 9.3.0/armtools/bin/../lib/gcc/arm-atollic-eabi/6.3.1/../../../../arm-atollic-eabi/lib/armv7e-m/fpu\libm.a(lib_a-ef_pow.o)
 .rodata.dp_h   0x080067e8        0x8 c:/program files (x86)/atollic/truestudio for stm32 9.3.0/armtools/bin/../lib/gcc/arm-atollic-eabi/6.3.1/../../../../arm-atollic-eabi/lib/armv7e-m/fpu\libm.a(lib_a-ef_pow.o)
 .rodata.dp_l   0x080067f0        0x8 c:/program files (x86)/atollic/truestudio for stm32 9.3.0/armtools/bin/../lib/gcc/arm-atollic-eabi/6.3.1/../../../../arm-atollic-eabi/lib/armv7e-m/fpu\libm.a(lib_a-ef_pow.o)
 .rodata.TWO52  0x080067f8       0x10 c:/program files (x86)/atollic/truestudio for stm32 9.3.0/armtools/bin/../lib/gcc/arm-atollic-eabi/6.3.1/../../../../arm-atollic-eabi/lib/armv7e-m/fpu\libm.a(lib_a-s_rint.o)
 .rodata._strtod_l.str1.1
                0x08006808        0xc c:/program files (x86)/atollic/truestudio for stm32 9.3.0/armtools/bin/../lib/gcc/arm-atollic-eabi/6.3.1/../../../../arm-atollic-eabi/lib/armv7e-m/fpu\libc_nano.a(lib_a-strtod.o)
 .rodata.fpi.7257
                0x08006814       0x14 c:/program files (x86)/atollic/truestudio for stm32 9.3.0/armtools/bin/../lib/gcc/arm-atollic-eabi/6.3.1/../../../../arm-atollic-eabi/lib/armv7e-m/fpu\libc_nano.a(lib_a-strtod.o)
 .rodata.fpinan.7293
                0x08006828       0x14 c:/program files (x86)/atollic/truestudio for stm32 9.3.0/armtools/bin/../lib/gcc/arm-atollic-eabi/6.3.1/../../../../arm-atollic-eabi/lib/armv7e-m/fpu\libc_nano.a(lib_a-strtod.o)
 *fill*         0x0800683c        0x4 
 .rodata.tinytens
                0x08006840       0x28 c:/program files (x86)/atollic/truestudio for stm32 9.3.0/armtools/bin/../lib/gcc/arm-atollic-eabi/6.3.1/../../../../arm-atollic-eabi/lib/armv7e-m/fpu\libc_nano.a(lib_a-strtod.o)
 .rodata._setlocale_r.str1.1
                0x08006868        0x8 c:/program files (x86)/atollic/truestudio for stm32 9.3.0/armtools/bin/../lib/gcc/arm-atollic-eabi/6.3.1/../../../../arm-atollic-eabi/lib/armv7e-m/fpu\libc_nano.a(lib_a-locale.o)
                                  0x9 (size before relaxing)
 .rodata.str1.1
                0x08006870        0x2 c:/program files (x86)/atollic/truestudio for stm32 9.3.0/armtools/bin/../lib/gcc/arm-atollic-eabi/6.3.1/../../../../arm-atollic-eabi/lib/armv7e-m/fpu\libc_nano.a(lib_a-locale.o)
 *fill*         0x08006872        0x6 
 .rodata.__mprec_bigtens
                0x08006878       0x28 c:/program files (x86)/atollic/truestudio for stm32 9.3.0/armtools/bin/../lib/gcc/arm-atollic-eabi/6.3.1/../../../../arm-atollic-eabi/lib/armv7e-m/fpu\libc_nano.a(lib_a-mprec.o)
                0x08006878                __mprec_bigtens
 .rodata.__mprec_tens
                0x080068a0       0xc8 c:/program files (x86)/atollic/truestudio for stm32 9.3.0/armtools/bin/../lib/gcc/arm-atollic-eabi/6.3.1/../../../../arm-atollic-eabi/lib/armv7e-m/fpu\libc_nano.a(lib_a-mprec.o)
                0x080068a0                __mprec_tens
 .rodata.p05.7175
                0x08006968        0xc c:/program files (x86)/atollic/truestudio for stm32 9.3.0/armtools/bin/../lib/gcc/arm-atollic-eabi/6.3.1/../../../../arm-atollic-eabi/lib/armv7e-m/fpu\libc_nano.a(lib_a-mprec.o)
 .rodata._svfprintf_r.str1.1
                0x08006974       0x11 c:/program files (x86)/atollic/truestudio for stm32 9.3.0/armtools/bin/../lib/gcc/arm-atollic-eabi/6.3.1/../../../../arm-atollic-eabi/lib/armv7e-m/fpu\libc_nano.a(lib_a-nano-svfprintf.o)
 .rodata._printf_i.str1.1
                0x08006985       0x22 c:/program files (x86)/atollic/truestudio for stm32 9.3.0/armtools/bin/../lib/gcc/arm-atollic-eabi/6.3.1/../../../../arm-atollic-eabi/lib/armv7e-m/fpu\libc_nano.a(lib_a-nano-vfprintf_i.o)
 .rodata._ctype_
                0x080069a7      0x101 c:/program files (x86)/atollic/truestudio for stm32 9.3.0/armtools/bin/../lib/gcc/arm-atollic-eabi/6.3.1/../../../../arm-atollic-eabi/lib/armv7e-m/fpu\libc_nano.a(lib_a-ctype_.o)
                0x080069a7                _ctype_
                0x08006aa8                . = ALIGN (0x4)

.rel.dyn        0x08006aa8        0x0
 .rel.iplt      0x08006aa8        0x0 c:/program files (x86)/atollic/truestudio for stm32 9.3.0/armtools/bin/../lib/gcc/arm-atollic-eabi/6.3.1/armv7e-m/fpu/crtbegin.o

.ARM.extab
 *(.ARM.extab* .gnu.linkonce.armextab.*)

.ARM            0x08006aa8        0x0
                0x08006aa8                __exidx_start = .
 *(.ARM.exidx*)
                0x08006aa8                __exidx_end = .

.preinit_array  0x08006aa8        0x0
                0x08006aa8                PROVIDE (__preinit_array_start, .)
 *(.preinit_array*)
                0x08006aa8                PROVIDE (__preinit_array_end, .)

.init_array     0x08006aa8        0x4
                0x08006aa8                PROVIDE (__init_array_start, .)
 *(SORT(.init_array.*))
 *(.init_array*)
 .init_array    0x08006aa8        0x4 c:/program files (x86)/atollic/truestudio for stm32 9.3.0/armtools/bin/../lib/gcc/arm-atollic-eabi/6.3.1/armv7e-m/fpu/crtbegin.o
                0x08006aac                PROVIDE (__init_array_end, .)

.fini_array     0x08006aac        0x4
                [!provide]                PROVIDE (__fini_array_start, .)
 *(SORT(.fini_array.*))
 *(.fini_array*)
 .fini_array    0x08006aac        0x4 c:/program files (x86)/atollic/truestudio for stm32 9.3.0/armtools/bin/../lib/gcc/arm-atollic-eabi/6.3.1/armv7e-m/fpu/crtbegin.o
                [!provide]                PROVIDE (__fini_array_end, .)
                0x08006ab0                _sidata = LOADADDR (.data)

.data           0x20000000      0x1f8 load address 0x08006ab0
                0x20000000                . = ALIGN (0x4)
                0x20000000                _sdata = .
 *(.data)
 *(.data*)
 .data.uwTickFreq
                0x20000000        0x1 Drivers\STM32F3xx_HAL_Driver\Src\stm32f3xx_hal.o
                0x20000000                uwTickFreq
 *fill*         0x20000001        0x3 
 .data.uwTickPrio
                0x20000004        0x4 Drivers\STM32F3xx_HAL_Driver\Src\stm32f3xx_hal.o
                0x20000004                uwTickPrio
 .data.blue     0x20000008        0x8 Src\main.o
                0x20000008                blue
 .data.green    0x20000010        0x8 Src\main.o
                0x20000010                green
 .data.red      0x20000018        0x8 Src\main.o
                0x20000018                red
 .data.SystemCoreClock
                0x20000020        0x4 Src\system_stm32f3xx.o
                0x20000020                SystemCoreClock
 .data.__fdlib_version
                0x20000024        0x1 c:/program files (x86)/atollic/truestudio for stm32 9.3.0/armtools/bin/../lib/gcc/arm-atollic-eabi/6.3.1/../../../../arm-atollic-eabi/lib/armv7e-m/fpu\libm.a(lib_a-s_lib_ver.o)
                0x20000024                __fdlib_version
 *fill*         0x20000025        0x3 
 .data._impure_ptr
                0x20000028        0x4 c:/program files (x86)/atollic/truestudio for stm32 9.3.0/armtools/bin/../lib/gcc/arm-atollic-eabi/6.3.1/../../../../arm-atollic-eabi/lib/armv7e-m/fpu\libc_nano.a(lib_a-impure.o)
                0x20000028                _impure_ptr
 .data.impure_data
                0x2000002c       0x60 c:/program files (x86)/atollic/truestudio for stm32 9.3.0/armtools/bin/../lib/gcc/arm-atollic-eabi/6.3.1/../../../../arm-atollic-eabi/lib/armv7e-m/fpu\libc_nano.a(lib_a-impure.o)
 .data.__global_locale
                0x2000008c      0x16c c:/program files (x86)/atollic/truestudio for stm32 9.3.0/armtools/bin/../lib/gcc/arm-atollic-eabi/6.3.1/../../../../arm-atollic-eabi/lib/armv7e-m/fpu\libc_nano.a(lib_a-locale.o)
                0x2000008c                __global_locale
                0x200001f8                . = ALIGN (0x4)
                0x200001f8                _edata = .
                0x08006ca8                _siccmram = LOADADDR (.ccmram)

.igot.plt       0x200001f8        0x0 load address 0x08006ca8
 .igot.plt      0x200001f8        0x0 c:/program files (x86)/atollic/truestudio for stm32 9.3.0/armtools/bin/../lib/gcc/arm-atollic-eabi/6.3.1/armv7e-m/fpu/crtbegin.o

.ccmram         0x10000000        0x0 load address 0x08006ca8
                0x10000000                . = ALIGN (0x4)
                0x10000000                _sccmram = .
 *(.ccmram)
 *(.ccmram*)
                0x10000000                . = ALIGN (0x4)
                0x10000000                _eccmram = .
                0x10000000                . = ALIGN (0x4)

.bss            0x200001f8      0x2d4
                0x200001f8                _sbss = .
                0x200001f8                __bss_start__ = _sbss
 *(.bss)
 .bss           0x200001f8       0x1c c:/program files (x86)/atollic/truestudio for stm32 9.3.0/armtools/bin/../lib/gcc/arm-atollic-eabi/6.3.1/armv7e-m/fpu/crtbegin.o
 *(.bss*)
 .bss.__malloc_free_list
                0x20000214        0x4 c:/program files (x86)/atollic/truestudio for stm32 9.3.0/armtools/bin/../lib/gcc/arm-atollic-eabi/6.3.1/../../../../arm-atollic-eabi/lib/armv7e-m/fpu\libc_nano.a(lib_a-nano-mallocr.o)
                0x20000214                __malloc_free_list
 .bss.__malloc_sbrk_start
                0x20000218        0x4 c:/program files (x86)/atollic/truestudio for stm32 9.3.0/armtools/bin/../lib/gcc/arm-atollic-eabi/6.3.1/../../../../arm-atollic-eabi/lib/armv7e-m/fpu\libc_nano.a(lib_a-nano-mallocr.o)
                0x20000218                __malloc_sbrk_start
 .bss.heap_end.5239
                0x2000021c        0x4 c:/program files (x86)/atollic/truestudio for stm32 9.3.0/armtools/bin/../lib/gcc/arm-atollic-eabi/6.3.1/../../../../arm-atollic-eabi/lib/armv7e-m/fpu\libnosys.a(sbrk.o)
 *(COMMON)
 COMMON         0x20000220        0x4 Drivers\STM32F3xx_HAL_Driver\Src\stm32f3xx_hal.o
                0x20000220                uwTick
 *fill*         0x20000224        0x4 
 COMMON         0x20000228      0x2a0 Src\main.o
                0x20000228                Received
                0x20000230                hdma_usart2_rx
                0x20000274                htim8
                0x200002b4                hdma_usart1_tx
                0x200002f8                hdma_usart1_rx
                0x2000033c                hdma_usart2_tx
                0x20000380                huart1
                0x200003f0                buffer
                0x200003f8                color
                0x20000410                htim2
                0x20000450                huart2
                0x200004c0                a
 COMMON         0x200004c8        0x4 c:/program files (x86)/atollic/truestudio for stm32 9.3.0/armtools/bin/../lib/gcc/arm-atollic-eabi/6.3.1/../../../../arm-atollic-eabi/lib/armv7e-m/fpu\libc_nano.a(lib_a-reent.o)
                0x200004c8                errno
                0x200004cc                . = ALIGN (0x4)
                0x200004cc                _ebss = .
                0x200004cc                __bss_end__ = _ebss

._user_heap_stack
                0x200004cc      0x600
                0x200004cc                . = ALIGN (0x4)
                0x200004cc                PROVIDE (end, .)
                [!provide]                PROVIDE (_end, .)
                0x200006cc                . = (. + _Min_Heap_Size)
 *fill*         0x200004cc      0x200 
                0x20000acc                . = (. + _Min_Stack_Size)
 *fill*         0x200006cc      0x400 
                0x20000acc                . = ALIGN (0x4)

/DISCARD/
 libc.a(*)
 libm.a(*)
 libgcc.a(*)

.ARM.attributes
                0x00000000       0x30
 *(.ARM.attributes)
 .ARM.attributes
                0x00000000       0x22 c:/program files (x86)/atollic/truestudio for stm32 9.3.0/armtools/bin/../lib/gcc/arm-atollic-eabi/6.3.1/armv7e-m/fpu/crti.o
 .ARM.attributes
                0x00000022       0x34 c:/program files (x86)/atollic/truestudio for stm32 9.3.0/armtools/bin/../lib/gcc/arm-atollic-eabi/6.3.1/armv7e-m/fpu/crtbegin.o
 .ARM.attributes
                0x00000056       0x39 Drivers\STM32F3xx_HAL_Driver\Src\stm32f3xx_hal.o
 .ARM.attributes
                0x0000008f       0x39 Drivers\STM32F3xx_HAL_Driver\Src\stm32f3xx_hal_cortex.o
 .ARM.attributes
                0x000000c8       0x39 Drivers\STM32F3xx_HAL_Driver\Src\stm32f3xx_hal_dma.o
 .ARM.attributes
                0x00000101       0x39 Drivers\STM32F3xx_HAL_Driver\Src\stm32f3xx_hal_gpio.o
 .ARM.attributes
                0x0000013a       0x39 Drivers\STM32F3xx_HAL_Driver\Src\stm32f3xx_hal_rcc.o
 .ARM.attributes
                0x00000173       0x39 Drivers\STM32F3xx_HAL_Driver\Src\stm32f3xx_hal_rcc_ex.o
 .ARM.attributes
                0x000001ac       0x39 Drivers\STM32F3xx_HAL_Driver\Src\stm32f3xx_hal_tim.o
 .ARM.attributes
                0x000001e5       0x39 Drivers\STM32F3xx_HAL_Driver\Src\stm32f3xx_hal_tim_ex.o
 .ARM.attributes
                0x0000021e       0x39 Drivers\STM32F3xx_HAL_Driver\Src\stm32f3xx_hal_uart.o
 .ARM.attributes
                0x00000257       0x39 Drivers\STM32F3xx_HAL_Driver\Src\stm32f3xx_hal_uart_ex.o
 .ARM.attributes
                0x00000290       0x39 Src\main.o
 .ARM.attributes
                0x000002c9       0x39 Src\stm32f3xx_hal_msp.o
 .ARM.attributes
                0x00000302       0x39 Src\stm32f3xx_it.o
 .ARM.attributes
                0x0000033b       0x39 Src\system_stm32f3xx.o
 .ARM.attributes
                0x00000374       0x21 startup\startup_stm32f303xe.o
 .ARM.attributes
                0x00000395       0x34 c:/program files (x86)/atollic/truestudio for stm32 9.3.0/armtools/bin/../lib/gcc/arm-atollic-eabi/6.3.1/../../../../arm-atollic-eabi/lib/armv7e-m/fpu\libm.a(lib_a-w_fmod.o)
 .ARM.attributes
                0x000003c9       0x34 c:/program files (x86)/atollic/truestudio for stm32 9.3.0/armtools/bin/../lib/gcc/arm-atollic-eabi/6.3.1/../../../../arm-atollic-eabi/lib/armv7e-m/fpu\libm.a(lib_a-wf_pow.o)
 .ARM.attributes
                0x000003fd       0x34 c:/program files (x86)/atollic/truestudio for stm32 9.3.0/armtools/bin/../lib/gcc/arm-atollic-eabi/6.3.1/../../../../arm-atollic-eabi/lib/armv7e-m/fpu\libm.a(lib_a-e_fmod.o)
 .ARM.attributes
                0x00000431       0x34 c:/program files (x86)/atollic/truestudio for stm32 9.3.0/armtools/bin/../lib/gcc/arm-atollic-eabi/6.3.1/../../../../arm-atollic-eabi/lib/armv7e-m/fpu\libm.a(lib_a-ef_pow.o)
 .ARM.attributes
                0x00000465       0x34 c:/program files (x86)/atollic/truestudio for stm32 9.3.0/armtools/bin/../lib/gcc/arm-atollic-eabi/6.3.1/../../../../arm-atollic-eabi/lib/armv7e-m/fpu\libm.a(lib_a-ef_sqrt.o)
 .ARM.attributes
                0x00000499       0x34 c:/program files (x86)/atollic/truestudio for stm32 9.3.0/armtools/bin/../lib/gcc/arm-atollic-eabi/6.3.1/../../../../arm-atollic-eabi/lib/armv7e-m/fpu\libm.a(lib_a-s_lib_ver.o)
 .ARM.attributes
                0x000004cd       0x34 c:/program files (x86)/atollic/truestudio for stm32 9.3.0/armtools/bin/../lib/gcc/arm-atollic-eabi/6.3.1/../../../../arm-atollic-eabi/lib/armv7e-m/fpu\libm.a(lib_a-s_matherr.o)
 .ARM.attributes
                0x00000501       0x34 c:/program files (x86)/atollic/truestudio for stm32 9.3.0/armtools/bin/../lib/gcc/arm-atollic-eabi/6.3.1/../../../../arm-atollic-eabi/lib/armv7e-m/fpu\libm.a(lib_a-s_rint.o)
 .ARM.attributes
                0x00000535       0x34 c:/program files (x86)/atollic/truestudio for stm32 9.3.0/armtools/bin/../lib/gcc/arm-atollic-eabi/6.3.1/../../../../arm-atollic-eabi/lib/armv7e-m/fpu\libm.a(lib_a-sf_fabs.o)
 .ARM.attributes
                0x00000569       0x34 c:/program files (x86)/atollic/truestudio for stm32 9.3.0/armtools/bin/../lib/gcc/arm-atollic-eabi/6.3.1/../../../../arm-atollic-eabi/lib/armv7e-m/fpu\libm.a(lib_a-sf_finite.o)
 .ARM.attributes
                0x0000059d       0x34 c:/program files (x86)/atollic/truestudio for stm32 9.3.0/armtools/bin/../lib/gcc/arm-atollic-eabi/6.3.1/../../../../arm-atollic-eabi/lib/armv7e-m/fpu\libm.a(lib_a-sf_nan.o)
 .ARM.attributes
                0x000005d1       0x34 c:/program files (x86)/atollic/truestudio for stm32 9.3.0/armtools/bin/../lib/gcc/arm-atollic-eabi/6.3.1/../../../../arm-atollic-eabi/lib/armv7e-m/fpu\libm.a(lib_a-sf_scalbn.o)
 .ARM.attributes
                0x00000605       0x34 c:/program files (x86)/atollic/truestudio for stm32 9.3.0/armtools/bin/../lib/gcc/arm-atollic-eabi/6.3.1/../../../../arm-atollic-eabi/lib/armv7e-m/fpu\libm.a(lib_a-sf_copysign.o)
 .ARM.attributes
                0x00000639       0x34 c:/program files (x86)/atollic/truestudio for stm32 9.3.0/armtools/bin/../lib/gcc/arm-atollic-eabi/6.3.1/../../../../arm-atollic-eabi/lib/armv7e-m/fpu\libc_nano.a(lib_a-atof.o)
 .ARM.attributes
                0x0000066d       0x34 c:/program files (x86)/atollic/truestudio for stm32 9.3.0/armtools/bin/../lib/gcc/arm-atollic-eabi/6.3.1/../../../../arm-atollic-eabi/lib/armv7e-m/fpu\libc_nano.a(lib_a-errno.o)
 .ARM.attributes
                0x000006a1       0x34 c:/program files (x86)/atollic/truestudio for stm32 9.3.0/armtools/bin/../lib/gcc/arm-atollic-eabi/6.3.1/../../../../arm-atollic-eabi/lib/armv7e-m/fpu\libc_nano.a(lib_a-impure.o)
 .ARM.attributes
                0x000006d5       0x34 c:/program files (x86)/atollic/truestudio for stm32 9.3.0/armtools/bin/../lib/gcc/arm-atollic-eabi/6.3.1/../../../../arm-atollic-eabi/lib/armv7e-m/fpu\libc_nano.a(lib_a-init.o)
 .ARM.attributes
                0x00000709       0x34 c:/program files (x86)/atollic/truestudio for stm32 9.3.0/armtools/bin/../lib/gcc/arm-atollic-eabi/6.3.1/../../../../arm-atollic-eabi/lib/armv7e-m/fpu\libc_nano.a(lib_a-memset.o)
 .ARM.attributes
                0x0000073d       0x34 c:/program files (x86)/atollic/truestudio for stm32 9.3.0/armtools/bin/../lib/gcc/arm-atollic-eabi/6.3.1/../../../../arm-atollic-eabi/lib/armv7e-m/fpu\libc_nano.a(lib_a-sprintf.o)
 .ARM.attributes
                0x00000771       0x34 c:/program files (x86)/atollic/truestudio for stm32 9.3.0/armtools/bin/../lib/gcc/arm-atollic-eabi/6.3.1/../../../../arm-atollic-eabi/lib/armv7e-m/fpu\libc_nano.a(lib_a-strtod.o)
 .ARM.attributes
                0x000007a5       0x34 c:/program files (x86)/atollic/truestudio for stm32 9.3.0/armtools/bin/../lib/gcc/arm-atollic-eabi/6.3.1/../../../../arm-atollic-eabi/lib/armv7e-m/fpu\libc_nano.a(lib_a-gdtoa-gethex.o)
 .ARM.attributes
                0x000007d9       0x34 c:/program files (x86)/atollic/truestudio for stm32 9.3.0/armtools/bin/../lib/gcc/arm-atollic-eabi/6.3.1/../../../../arm-atollic-eabi/lib/armv7e-m/fpu\libc_nano.a(lib_a-gdtoa-hexnan.o)
 .ARM.attributes
                0x0000080d       0x34 c:/program files (x86)/atollic/truestudio for stm32 9.3.0/armtools/bin/../lib/gcc/arm-atollic-eabi/6.3.1/../../../../arm-atollic-eabi/lib/armv7e-m/fpu\libc_nano.a(lib_a-locale.o)
 .ARM.attributes
                0x00000841       0x34 c:/program files (x86)/atollic/truestudio for stm32 9.3.0/armtools/bin/../lib/gcc/arm-atollic-eabi/6.3.1/../../../../arm-atollic-eabi/lib/armv7e-m/fpu\libc_nano.a(lib_a-localeconv.o)
 .ARM.attributes
                0x00000875       0x34 c:/program files (x86)/atollic/truestudio for stm32 9.3.0/armtools/bin/../lib/gcc/arm-atollic-eabi/6.3.1/../../../../arm-atollic-eabi/lib/armv7e-m/fpu\libc_nano.a(lib_a-mbtowc_r.o)
 .ARM.attributes
                0x000008a9       0x34 c:/program files (x86)/atollic/truestudio for stm32 9.3.0/armtools/bin/../lib/gcc/arm-atollic-eabi/6.3.1/../../../../arm-atollic-eabi/lib/armv7e-m/fpu\libc_nano.a(lib_a-memcpy-stub.o)
 .ARM.attributes
                0x000008dd       0x34 c:/program files (x86)/atollic/truestudio for stm32 9.3.0/armtools/bin/../lib/gcc/arm-atollic-eabi/6.3.1/../../../../arm-atollic-eabi/lib/armv7e-m/fpu\libc_nano.a(lib_a-mprec.o)
 .ARM.attributes
                0x00000911       0x34 c:/program files (x86)/atollic/truestudio for stm32 9.3.0/armtools/bin/../lib/gcc/arm-atollic-eabi/6.3.1/../../../../arm-atollic-eabi/lib/armv7e-m/fpu\libc_nano.a(lib_a-nano-callocr.o)
 .ARM.attributes
                0x00000945       0x34 c:/program files (x86)/atollic/truestudio for stm32 9.3.0/armtools/bin/../lib/gcc/arm-atollic-eabi/6.3.1/../../../../arm-atollic-eabi/lib/armv7e-m/fpu\libc_nano.a(lib_a-nano-mallocr.o)
 .ARM.attributes
                0x00000979       0x34 c:/program files (x86)/atollic/truestudio for stm32 9.3.0/armtools/bin/../lib/gcc/arm-atollic-eabi/6.3.1/../../../../arm-atollic-eabi/lib/armv7e-m/fpu\libc_nano.a(lib_a-nano-svfprintf.o)
 .ARM.attributes
                0x000009ad       0x34 c:/program files (x86)/atollic/truestudio for stm32 9.3.0/armtools/bin/../lib/gcc/arm-atollic-eabi/6.3.1/../../../../arm-atollic-eabi/lib/armv7e-m/fpu\libc_nano.a(lib_a-nano-vfprintf_i.o)
 .ARM.attributes
                0x000009e1       0x34 c:/program files (x86)/atollic/truestudio for stm32 9.3.0/armtools/bin/../lib/gcc/arm-atollic-eabi/6.3.1/../../../../arm-atollic-eabi/lib/armv7e-m/fpu\libc_nano.a(lib_a-sbrkr.o)
 .ARM.attributes
                0x00000a15       0x1b c:/program files (x86)/atollic/truestudio for stm32 9.3.0/armtools/bin/../lib/gcc/arm-atollic-eabi/6.3.1/../../../../arm-atollic-eabi/lib/armv7e-m/fpu\libc_nano.a(lib_a-strlen.o)
 .ARM.attributes
                0x00000a30       0x34 c:/program files (x86)/atollic/truestudio for stm32 9.3.0/armtools/bin/../lib/gcc/arm-atollic-eabi/6.3.1/../../../../arm-atollic-eabi/lib/armv7e-m/fpu\libc_nano.a(lib_a-strncmp.o)
 .ARM.attributes
                0x00000a64       0x34 c:/program files (x86)/atollic/truestudio for stm32 9.3.0/armtools/bin/../lib/gcc/arm-atollic-eabi/6.3.1/../../../../arm-atollic-eabi/lib/armv7e-m/fpu\libc_nano.a(lib_a-wctomb_r.o)
 .ARM.attributes
                0x00000a98       0x34 c:/program files (x86)/atollic/truestudio for stm32 9.3.0/armtools/bin/../lib/gcc/arm-atollic-eabi/6.3.1/../../../../arm-atollic-eabi/lib/armv7e-m/fpu\libc_nano.a(lib_a-ctype_.o)
 .ARM.attributes
                0x00000acc       0x34 c:/program files (x86)/atollic/truestudio for stm32 9.3.0/armtools/bin/../lib/gcc/arm-atollic-eabi/6.3.1/../../../../arm-atollic-eabi/lib/armv7e-m/fpu\libc_nano.a(lib_a-malloc.o)
 .ARM.attributes
                0x00000b00       0x20 c:/program files (x86)/atollic/truestudio for stm32 9.3.0/armtools/bin/../lib/gcc/arm-atollic-eabi/6.3.1/../../../../arm-atollic-eabi/lib/armv7e-m/fpu\libc_nano.a(lib_a-memchr.o)
 .ARM.attributes
                0x00000b20       0x34 c:/program files (x86)/atollic/truestudio for stm32 9.3.0/armtools/bin/../lib/gcc/arm-atollic-eabi/6.3.1/../../../../arm-atollic-eabi/lib/armv7e-m/fpu\libc_nano.a(lib_a-memmove.o)
 .ARM.attributes
                0x00000b54       0x34 c:/program files (x86)/atollic/truestudio for stm32 9.3.0/armtools/bin/../lib/gcc/arm-atollic-eabi/6.3.1/../../../../arm-atollic-eabi/lib/armv7e-m/fpu\libc_nano.a(lib_a-mlock.o)
 .ARM.attributes
                0x00000b88       0x34 c:/program files (x86)/atollic/truestudio for stm32 9.3.0/armtools/bin/../lib/gcc/arm-atollic-eabi/6.3.1/../../../../arm-atollic-eabi/lib/armv7e-m/fpu\libc_nano.a(lib_a-nano-freer.o)
 .ARM.attributes
                0x00000bbc       0x34 c:/program files (x86)/atollic/truestudio for stm32 9.3.0/armtools/bin/../lib/gcc/arm-atollic-eabi/6.3.1/../../../../arm-atollic-eabi/lib/armv7e-m/fpu\libc_nano.a(lib_a-nano-reallocr.o)
 .ARM.attributes
                0x00000bf0       0x34 c:/program files (x86)/atollic/truestudio for stm32 9.3.0/armtools/bin/../lib/gcc/arm-atollic-eabi/6.3.1/../../../../arm-atollic-eabi/lib/armv7e-m/fpu\libc_nano.a(lib_a-reent.o)
 .ARM.attributes
                0x00000c24       0x34 c:/program files (x86)/atollic/truestudio for stm32 9.3.0/armtools/bin/../lib/gcc/arm-atollic-eabi/6.3.1/../../../../arm-atollic-eabi/lib/armv7e-m/fpu\libc_nano.a(lib_a-nano-msizer.o)
 .ARM.attributes
                0x00000c58       0x22 c:/program files (x86)/atollic/truestudio for stm32 9.3.0/armtools/bin/../lib/gcc/arm-atollic-eabi/6.3.1/armv7e-m/fpu\libgcc.a(_arm_addsubdf3.o)
 .ARM.attributes
                0x00000c7a       0x22 c:/program files (x86)/atollic/truestudio for stm32 9.3.0/armtools/bin/../lib/gcc/arm-atollic-eabi/6.3.1/armv7e-m/fpu\libgcc.a(_arm_muldivdf3.o)
 .ARM.attributes
                0x00000c9c       0x22 c:/program files (x86)/atollic/truestudio for stm32 9.3.0/armtools/bin/../lib/gcc/arm-atollic-eabi/6.3.1/armv7e-m/fpu\libgcc.a(_arm_cmpdf2.o)
 .ARM.attributes
                0x00000cbe       0x22 c:/program files (x86)/atollic/truestudio for stm32 9.3.0/armtools/bin/../lib/gcc/arm-atollic-eabi/6.3.1/armv7e-m/fpu\libgcc.a(_arm_unorddf2.o)
 .ARM.attributes
                0x00000ce0       0x22 c:/program files (x86)/atollic/truestudio for stm32 9.3.0/armtools/bin/../lib/gcc/arm-atollic-eabi/6.3.1/armv7e-m/fpu\libgcc.a(_arm_fixdfsi.o)
 .ARM.attributes
                0x00000d02       0x22 c:/program files (x86)/atollic/truestudio for stm32 9.3.0/armtools/bin/../lib/gcc/arm-atollic-eabi/6.3.1/armv7e-m/fpu\libgcc.a(_arm_fixunsdfsi.o)
 .ARM.attributes
                0x00000d24       0x22 c:/program files (x86)/atollic/truestudio for stm32 9.3.0/armtools/bin/../lib/gcc/arm-atollic-eabi/6.3.1/armv7e-m/fpu\libgcc.a(_arm_truncdfsf2.o)
 .ARM.attributes
                0x00000d46       0x34 c:/program files (x86)/atollic/truestudio for stm32 9.3.0/armtools/bin/../lib/gcc/arm-atollic-eabi/6.3.1/../../../../arm-atollic-eabi/lib/armv7e-m/fpu\libnosys.a(sbrk.o)
 .ARM.attributes
                0x00000d7a       0x22 c:/program files (x86)/atollic/truestudio for stm32 9.3.0/armtools/bin/../lib/gcc/arm-atollic-eabi/6.3.1/armv7e-m/fpu/crtn.o
OUTPUT(LED_UART.elf elf32-littlearm)

.debug_info     0x00000000    0x15f66
 .debug_info    0x00000000     0x10e4 Drivers\STM32F3xx_HAL_Driver\Src\stm32f3xx_hal.o
 .debug_info    0x000010e4     0x1732 Drivers\STM32F3xx_HAL_Driver\Src\stm32f3xx_hal_cortex.o
 .debug_info    0x00002816     0x108d Drivers\STM32F3xx_HAL_Driver\Src\stm32f3xx_hal_dma.o
 .debug_info    0x000038a3      0xfec Drivers\STM32F3xx_HAL_Driver\Src\stm32f3xx_hal_gpio.o
 .debug_info    0x0000488f     0x1bc3 Drivers\STM32F3xx_HAL_Driver\Src\stm32f3xx_hal_rcc.o
 .debug_info    0x00006452      0xfa7 Drivers\STM32F3xx_HAL_Driver\Src\stm32f3xx_hal_rcc_ex.o
 .debug_info    0x000073f9     0x3d64 Drivers\STM32F3xx_HAL_Driver\Src\stm32f3xx_hal_tim.o
 .debug_info    0x0000b15d     0x1d97 Drivers\STM32F3xx_HAL_Driver\Src\stm32f3xx_hal_tim_ex.o
 .debug_info    0x0000cef4     0x2275 Drivers\STM32F3xx_HAL_Driver\Src\stm32f3xx_hal_uart.o
 .debug_info    0x0000f169     0x118e Drivers\STM32F3xx_HAL_Driver\Src\stm32f3xx_hal_uart_ex.o
 .debug_info    0x000102f7     0x25ef Src\main.o
 .debug_info    0x000128e6     0x1962 Src\stm32f3xx_hal_msp.o
 .debug_info    0x00014248     0x104e Src\stm32f3xx_it.o
 .debug_info    0x00015296      0xc74 Src\system_stm32f3xx.o
 .debug_info    0x00015f0a       0x5c startup\startup_stm32f303xe.o

.debug_abbrev   0x00000000     0x292b
 .debug_abbrev  0x00000000      0x2f5 Drivers\STM32F3xx_HAL_Driver\Src\stm32f3xx_hal.o
 .debug_abbrev  0x000002f5      0x37d Drivers\STM32F3xx_HAL_Driver\Src\stm32f3xx_hal_cortex.o
 .debug_abbrev  0x00000672      0x2b2 Drivers\STM32F3xx_HAL_Driver\Src\stm32f3xx_hal_dma.o
 .debug_abbrev  0x00000924      0x268 Drivers\STM32F3xx_HAL_Driver\Src\stm32f3xx_hal_gpio.o
 .debug_abbrev  0x00000b8c      0x358 Drivers\STM32F3xx_HAL_Driver\Src\stm32f3xx_hal_rcc.o
 .debug_abbrev  0x00000ee4      0x329 Drivers\STM32F3xx_HAL_Driver\Src\stm32f3xx_hal_rcc_ex.o
 .debug_abbrev  0x0000120d      0x3ab Drivers\STM32F3xx_HAL_Driver\Src\stm32f3xx_hal_tim.o
 .debug_abbrev  0x000015b8      0x30d Drivers\STM32F3xx_HAL_Driver\Src\stm32f3xx_hal_tim_ex.o
 .debug_abbrev  0x000018c5      0x384 Drivers\STM32F3xx_HAL_Driver\Src\stm32f3xx_hal_uart.o
 .debug_abbrev  0x00001c49      0x279 Drivers\STM32F3xx_HAL_Driver\Src\stm32f3xx_hal_uart_ex.o
 .debug_abbrev  0x00001ec2      0x3b0 Src\main.o
 .debug_abbrev  0x00002272      0x2a5 Src\stm32f3xx_hal_msp.o
 .debug_abbrev  0x00002517      0x220 Src\stm32f3xx_it.o
 .debug_abbrev  0x00002737      0x1e2 Src\system_stm32f3xx.o
 .debug_abbrev  0x00002919       0x12 startup\startup_stm32f303xe.o

.debug_loc      0x00000000     0x7c26
 .debug_loc     0x00000000      0x11b Drivers\STM32F3xx_HAL_Driver\Src\stm32f3xx_hal.o
 .debug_loc     0x0000011b      0x4fb Drivers\STM32F3xx_HAL_Driver\Src\stm32f3xx_hal_cortex.o
 .debug_loc     0x00000616      0x5a6 Drivers\STM32F3xx_HAL_Driver\Src\stm32f3xx_hal_dma.o
 .debug_loc     0x00000bbc      0x2b7 Drivers\STM32F3xx_HAL_Driver\Src\stm32f3xx_hal_gpio.o
 .debug_loc     0x00000e73      0x962 Drivers\STM32F3xx_HAL_Driver\Src\stm32f3xx_hal_rcc.o
 .debug_loc     0x000017d5      0x858 Drivers\STM32F3xx_HAL_Driver\Src\stm32f3xx_hal_rcc_ex.o
 .debug_loc     0x0000202d     0x31c6 Drivers\STM32F3xx_HAL_Driver\Src\stm32f3xx_hal_tim.o
 .debug_loc     0x000051f3      0xe98 Drivers\STM32F3xx_HAL_Driver\Src\stm32f3xx_hal_tim_ex.o
 .debug_loc     0x0000608b     0x1431 Drivers\STM32F3xx_HAL_Driver\Src\stm32f3xx_hal_uart.o
 .debug_loc     0x000074bc      0x2fd Drivers\STM32F3xx_HAL_Driver\Src\stm32f3xx_hal_uart_ex.o
 .debug_loc     0x000077b9      0x2ef Src\main.o
 .debug_loc     0x00007aa8       0x89 Src\stm32f3xx_hal_msp.o
 .debug_loc     0x00007b31       0xf5 Src\system_stm32f3xx.o

.debug_aranges  0x00000000      0x9e8
 .debug_aranges
                0x00000000       0xd8 Drivers\STM32F3xx_HAL_Driver\Src\stm32f3xx_hal.o
 .debug_aranges
                0x000000d8       0xa8 Drivers\STM32F3xx_HAL_Driver\Src\stm32f3xx_hal_cortex.o
 .debug_aranges
                0x00000180       0x80 Drivers\STM32F3xx_HAL_Driver\Src\stm32f3xx_hal_dma.o
 .debug_aranges
                0x00000200       0x58 Drivers\STM32F3xx_HAL_Driver\Src\stm32f3xx_hal_gpio.o
 .debug_aranges
                0x00000258       0x88 Drivers\STM32F3xx_HAL_Driver\Src\stm32f3xx_hal_rcc.o
 .debug_aranges
                0x000002e0       0x38 Drivers\STM32F3xx_HAL_Driver\Src\stm32f3xx_hal_rcc_ex.o
 .debug_aranges
                0x00000318      0x268 Drivers\STM32F3xx_HAL_Driver\Src\stm32f3xx_hal_tim.o
 .debug_aranges
                0x00000580      0x120 Drivers\STM32F3xx_HAL_Driver\Src\stm32f3xx_hal_tim_ex.o
 .debug_aranges
                0x000006a0      0x1a0 Drivers\STM32F3xx_HAL_Driver\Src\stm32f3xx_hal_uart.o
 .debug_aranges
                0x00000840       0x48 Drivers\STM32F3xx_HAL_Driver\Src\stm32f3xx_hal_uart_ex.o
 .debug_aranges
                0x00000888       0x50 Src\main.o
 .debug_aranges
                0x000008d8       0x48 Src\stm32f3xx_hal_msp.o
 .debug_aranges
                0x00000920       0x78 Src\stm32f3xx_it.o
 .debug_aranges
                0x00000998       0x28 Src\system_stm32f3xx.o
 .debug_aranges
                0x000009c0       0x28 startup\startup_stm32f303xe.o

.debug_ranges   0x00000000      0xdf0
 .debug_ranges  0x00000000       0xc8 Drivers\STM32F3xx_HAL_Driver\Src\stm32f3xx_hal.o
 .debug_ranges  0x000000c8      0x138 Drivers\STM32F3xx_HAL_Driver\Src\stm32f3xx_hal_cortex.o
 .debug_ranges  0x00000200       0xa8 Drivers\STM32F3xx_HAL_Driver\Src\stm32f3xx_hal_dma.o
 .debug_ranges  0x000002a8       0x68 Drivers\STM32F3xx_HAL_Driver\Src\stm32f3xx_hal_gpio.o
 .debug_ranges  0x00000310      0x1f0 Drivers\STM32F3xx_HAL_Driver\Src\stm32f3xx_hal_rcc.o
 .debug_ranges  0x00000500       0x90 Drivers\STM32F3xx_HAL_Driver\Src\stm32f3xx_hal_rcc_ex.o
 .debug_ranges  0x00000590      0x348 Drivers\STM32F3xx_HAL_Driver\Src\stm32f3xx_hal_tim.o
 .debug_ranges  0x000008d8      0x110 Drivers\STM32F3xx_HAL_Driver\Src\stm32f3xx_hal_tim_ex.o
 .debug_ranges  0x000009e8      0x190 Drivers\STM32F3xx_HAL_Driver\Src\stm32f3xx_hal_uart.o
 .debug_ranges  0x00000b78       0x38 Drivers\STM32F3xx_HAL_Driver\Src\stm32f3xx_hal_uart_ex.o
 .debug_ranges  0x00000bb0      0x100 Src\main.o
 .debug_ranges  0x00000cb0       0xa0 Src\stm32f3xx_hal_msp.o
 .debug_ranges  0x00000d50       0x68 Src\stm32f3xx_it.o
 .debug_ranges  0x00000db8       0x18 Src\system_stm32f3xx.o
 .debug_ranges  0x00000dd0       0x20 startup\startup_stm32f303xe.o

.debug_line     0x00000000     0x5f1b
 .debug_line    0x00000000      0x47d Drivers\STM32F3xx_HAL_Driver\Src\stm32f3xx_hal.o
 .debug_line    0x0000047d      0x4db Drivers\STM32F3xx_HAL_Driver\Src\stm32f3xx_hal_cortex.o
 .debug_line    0x00000958      0x56e Drivers\STM32F3xx_HAL_Driver\Src\stm32f3xx_hal_dma.o
 .debug_line    0x00000ec6      0x483 Drivers\STM32F3xx_HAL_Driver\Src\stm32f3xx_hal_gpio.o
 .debug_line    0x00001349      0x89a Drivers\STM32F3xx_HAL_Driver\Src\stm32f3xx_hal_rcc.o
 .debug_line    0x00001be3      0x596 Drivers\STM32F3xx_HAL_Driver\Src\stm32f3xx_hal_rcc_ex.o
 .debug_line    0x00002179     0x12da Drivers\STM32F3xx_HAL_Driver\Src\stm32f3xx_hal_tim.o
 .debug_line    0x00003453      0x904 Drivers\STM32F3xx_HAL_Driver\Src\stm32f3xx_hal_tim_ex.o
 .debug_line    0x00003d57      0xd5c Drivers\STM32F3xx_HAL_Driver\Src\stm32f3xx_hal_uart.o
 .debug_line    0x00004ab3      0x3ef Drivers\STM32F3xx_HAL_Driver\Src\stm32f3xx_hal_uart_ex.o
 .debug_line    0x00004ea2      0x5ae Src\main.o
 .debug_line    0x00005450      0x432 Src\stm32f3xx_hal_msp.o
 .debug_line    0x00005882      0x371 Src\stm32f3xx_it.o
 .debug_line    0x00005bf3      0x2a9 Src\system_stm32f3xx.o
 .debug_line    0x00005e9c       0x7f startup\startup_stm32f303xe.o

.debug_str      0x00000000     0x40a2
 .debug_str     0x00000000      0xdd4 Drivers\STM32F3xx_HAL_Driver\Src\stm32f3xx_hal.o
                                0xe7b (size before relaxing)
 .debug_str     0x00000dd4      0x3f0 Drivers\STM32F3xx_HAL_Driver\Src\stm32f3xx_hal_cortex.o
                               0x1099 (size before relaxing)
 .debug_str     0x000011c4      0x3f9 Drivers\STM32F3xx_HAL_Driver\Src\stm32f3xx_hal_dma.o
                                0xb20 (size before relaxing)
 .debug_str     0x000015bd      0x248 Drivers\STM32F3xx_HAL_Driver\Src\stm32f3xx_hal_gpio.o
                                0x9b1 (size before relaxing)
 .debug_str     0x00001805      0x30d Drivers\STM32F3xx_HAL_Driver\Src\stm32f3xx_hal_rcc.o
                                0xb10 (size before relaxing)
 .debug_str     0x00001b12      0x2b9 Drivers\STM32F3xx_HAL_Driver\Src\stm32f3xx_hal_rcc_ex.o
                                0xaa4 (size before relaxing)
 .debug_str     0x00001dcb      0xf75 Drivers\STM32F3xx_HAL_Driver\Src\stm32f3xx_hal_tim.o
                               0x18b5 (size before relaxing)
 .debug_str     0x00002d40      0x5a3 Drivers\STM32F3xx_HAL_Driver\Src\stm32f3xx_hal_tim_ex.o
                               0x12f0 (size before relaxing)
 .debug_str     0x000032e3      0x926 Drivers\STM32F3xx_HAL_Driver\Src\stm32f3xx_hal_uart.o
                               0x132d (size before relaxing)
 .debug_str     0x00003c09       0xed Drivers\STM32F3xx_HAL_Driver\Src\stm32f3xx_hal_uart_ex.o
                                0xd31 (size before relaxing)
 .debug_str     0x00003cf6      0x209 Src\main.o
                               0x1b1c (size before relaxing)
 .debug_str     0x00003eff       0x25 Src\stm32f3xx_hal_msp.o
                               0x13ea (size before relaxing)
 .debug_str     0x00003f24      0x12e Src\stm32f3xx_it.o
                                0xca1 (size before relaxing)
 .debug_str     0x00004052       0x50 Src\system_stm32f3xx.o
                                0x795 (size before relaxing)

.comment        0x00000000       0x7c
 .comment       0x00000000       0x7c Drivers\STM32F3xx_HAL_Driver\Src\stm32f3xx_hal.o
                                 0x7d (size before relaxing)
 .comment       0x0000007c       0x7d Drivers\STM32F3xx_HAL_Driver\Src\stm32f3xx_hal_cortex.o
 .comment       0x0000007c       0x7d Drivers\STM32F3xx_HAL_Driver\Src\stm32f3xx_hal_dma.o
 .comment       0x0000007c       0x7d Drivers\STM32F3xx_HAL_Driver\Src\stm32f3xx_hal_gpio.o
 .comment       0x0000007c       0x7d Drivers\STM32F3xx_HAL_Driver\Src\stm32f3xx_hal_rcc.o
 .comment       0x0000007c       0x7d Drivers\STM32F3xx_HAL_Driver\Src\stm32f3xx_hal_rcc_ex.o
 .comment       0x0000007c       0x7d Drivers\STM32F3xx_HAL_Driver\Src\stm32f3xx_hal_tim.o
 .comment       0x0000007c       0x7d Drivers\STM32F3xx_HAL_Driver\Src\stm32f3xx_hal_tim_ex.o
 .comment       0x0000007c       0x7d Drivers\STM32F3xx_HAL_Driver\Src\stm32f3xx_hal_uart.o
 .comment       0x0000007c       0x7d Drivers\STM32F3xx_HAL_Driver\Src\stm32f3xx_hal_uart_ex.o
 .comment       0x0000007c       0x7d Src\main.o
 .comment       0x0000007c       0x7d Src\stm32f3xx_hal_msp.o
 .comment       0x0000007c       0x7d Src\stm32f3xx_it.o
 .comment       0x0000007c       0x7d Src\system_stm32f3xx.o

.debug_frame    0x00000000     0x2b90
 .debug_frame   0x00000000      0x1d0 Drivers\STM32F3xx_HAL_Driver\Src\stm32f3xx_hal.o
 .debug_frame   0x000001d0      0x158 Drivers\STM32F3xx_HAL_Driver\Src\stm32f3xx_hal_cortex.o
 .debug_frame   0x00000328      0x15c Drivers\STM32F3xx_HAL_Driver\Src\stm32f3xx_hal_dma.o
 .debug_frame   0x00000484       0xd8 Drivers\STM32F3xx_HAL_Driver\Src\stm32f3xx_hal_gpio.o
 .debug_frame   0x0000055c      0x144 Drivers\STM32F3xx_HAL_Driver\Src\stm32f3xx_hal_rcc.o
 .debug_frame   0x000006a0       0xb8 Drivers\STM32F3xx_HAL_Driver\Src\stm32f3xx_hal_rcc_ex.o
 .debug_frame   0x00000758      0x8b0 Drivers\STM32F3xx_HAL_Driver\Src\stm32f3xx_hal_tim.o
 .debug_frame   0x00001008      0x3e4 Drivers\STM32F3xx_HAL_Driver\Src\stm32f3xx_hal_tim_ex.o
 .debug_frame   0x000013ec      0x568 Drivers\STM32F3xx_HAL_Driver\Src\stm32f3xx_hal_uart.o
 .debug_frame   0x00001954       0xa0 Drivers\STM32F3xx_HAL_Driver\Src\stm32f3xx_hal_uart_ex.o
 .debug_frame   0x000019f4      0x114 Src\main.o
 .debug_frame   0x00001b08       0xb8 Src\stm32f3xx_hal_msp.o
 .debug_frame   0x00001bc0      0x100 Src\stm32f3xx_it.o
 .debug_frame   0x00001cc0       0x38 Src\system_stm32f3xx.o
 .debug_frame   0x00001cf8       0x4c c:/program files (x86)/atollic/truestudio for stm32 9.3.0/armtools/bin/../lib/gcc/arm-atollic-eabi/6.3.1/../../../../arm-atollic-eabi/lib/armv7e-m/fpu\libm.a(lib_a-w_fmod.o)
 .debug_frame   0x00001d44       0x50 c:/program files (x86)/atollic/truestudio for stm32 9.3.0/armtools/bin/../lib/gcc/arm-atollic-eabi/6.3.1/../../../../arm-atollic-eabi/lib/armv7e-m/fpu\libm.a(lib_a-wf_pow.o)
 .debug_frame   0x00001d94       0x38 c:/program files (x86)/atollic/truestudio for stm32 9.3.0/armtools/bin/../lib/gcc/arm-atollic-eabi/6.3.1/../../../../arm-atollic-eabi/lib/armv7e-m/fpu\libm.a(lib_a-e_fmod.o)
 .debug_frame   0x00001dcc       0x68 c:/program files (x86)/atollic/truestudio for stm32 9.3.0/armtools/bin/../lib/gcc/arm-atollic-eabi/6.3.1/../../../../arm-atollic-eabi/lib/armv7e-m/fpu\libm.a(lib_a-ef_pow.o)
 .debug_frame   0x00001e34       0x2c c:/program files (x86)/atollic/truestudio for stm32 9.3.0/armtools/bin/../lib/gcc/arm-atollic-eabi/6.3.1/../../../../arm-atollic-eabi/lib/armv7e-m/fpu\libm.a(lib_a-ef_sqrt.o)
 .debug_frame   0x00001e60       0x20 c:/program files (x86)/atollic/truestudio for stm32 9.3.0/armtools/bin/../lib/gcc/arm-atollic-eabi/6.3.1/../../../../arm-atollic-eabi/lib/armv7e-m/fpu\libm.a(lib_a-s_matherr.o)
 .debug_frame   0x00001e80       0x34 c:/program files (x86)/atollic/truestudio for stm32 9.3.0/armtools/bin/../lib/gcc/arm-atollic-eabi/6.3.1/../../../../arm-atollic-eabi/lib/armv7e-m/fpu\libm.a(lib_a-s_rint.o)
 .debug_frame   0x00001eb4       0x20 c:/program files (x86)/atollic/truestudio for stm32 9.3.0/armtools/bin/../lib/gcc/arm-atollic-eabi/6.3.1/../../../../arm-atollic-eabi/lib/armv7e-m/fpu\libm.a(lib_a-sf_fabs.o)
 .debug_frame   0x00001ed4       0x20 c:/program files (x86)/atollic/truestudio for stm32 9.3.0/armtools/bin/../lib/gcc/arm-atollic-eabi/6.3.1/../../../../arm-atollic-eabi/lib/armv7e-m/fpu\libm.a(lib_a-sf_finite.o)
 .debug_frame   0x00001ef4       0x20 c:/program files (x86)/atollic/truestudio for stm32 9.3.0/armtools/bin/../lib/gcc/arm-atollic-eabi/6.3.1/../../../../arm-atollic-eabi/lib/armv7e-m/fpu\libm.a(lib_a-sf_nan.o)
 .debug_frame   0x00001f14       0x3c c:/program files (x86)/atollic/truestudio for stm32 9.3.0/armtools/bin/../lib/gcc/arm-atollic-eabi/6.3.1/../../../../arm-atollic-eabi/lib/armv7e-m/fpu\libm.a(lib_a-sf_scalbn.o)
 .debug_frame   0x00001f50       0x20 c:/program files (x86)/atollic/truestudio for stm32 9.3.0/armtools/bin/../lib/gcc/arm-atollic-eabi/6.3.1/../../../../arm-atollic-eabi/lib/armv7e-m/fpu\libm.a(lib_a-sf_copysign.o)
 .debug_frame   0x00001f70       0x20 c:/program files (x86)/atollic/truestudio for stm32 9.3.0/armtools/bin/../lib/gcc/arm-atollic-eabi/6.3.1/../../../../arm-atollic-eabi/lib/armv7e-m/fpu\libc_nano.a(lib_a-atof.o)
 .debug_frame   0x00001f90       0x20 c:/program files (x86)/atollic/truestudio for stm32 9.3.0/armtools/bin/../lib/gcc/arm-atollic-eabi/6.3.1/../../../../arm-atollic-eabi/lib/armv7e-m/fpu\libc_nano.a(lib_a-errno.o)
 .debug_frame   0x00001fb0       0x2c c:/program files (x86)/atollic/truestudio for stm32 9.3.0/armtools/bin/../lib/gcc/arm-atollic-eabi/6.3.1/../../../../arm-atollic-eabi/lib/armv7e-m/fpu\libc_nano.a(lib_a-init.o)
 .debug_frame   0x00001fdc       0x20 c:/program files (x86)/atollic/truestudio for stm32 9.3.0/armtools/bin/../lib/gcc/arm-atollic-eabi/6.3.1/../../../../arm-atollic-eabi/lib/armv7e-m/fpu\libc_nano.a(lib_a-memset.o)
 .debug_frame   0x00001ffc       0x70 c:/program files (x86)/atollic/truestudio for stm32 9.3.0/armtools/bin/../lib/gcc/arm-atollic-eabi/6.3.1/../../../../arm-atollic-eabi/lib/armv7e-m/fpu\libc_nano.a(lib_a-sprintf.o)
 .debug_frame   0x0000206c      0x12c c:/program files (x86)/atollic/truestudio for stm32 9.3.0/armtools/bin/../lib/gcc/arm-atollic-eabi/6.3.1/../../../../arm-atollic-eabi/lib/armv7e-m/fpu\libc_nano.a(lib_a-strtod.o)
 .debug_frame   0x00002198       0x70 c:/program files (x86)/atollic/truestudio for stm32 9.3.0/armtools/bin/../lib/gcc/arm-atollic-eabi/6.3.1/../../../../arm-atollic-eabi/lib/armv7e-m/fpu\libc_nano.a(lib_a-gdtoa-gethex.o)
 .debug_frame   0x00002208       0x74 c:/program files (x86)/atollic/truestudio for stm32 9.3.0/armtools/bin/../lib/gcc/arm-atollic-eabi/6.3.1/../../../../arm-atollic-eabi/lib/armv7e-m/fpu\libc_nano.a(lib_a-gdtoa-hexnan.o)
 .debug_frame   0x0000227c       0x68 c:/program files (x86)/atollic/truestudio for stm32 9.3.0/armtools/bin/../lib/gcc/arm-atollic-eabi/6.3.1/../../../../arm-atollic-eabi/lib/armv7e-m/fpu\libc_nano.a(lib_a-locale.o)
 .debug_frame   0x000022e4       0x40 c:/program files (x86)/atollic/truestudio for stm32 9.3.0/armtools/bin/../lib/gcc/arm-atollic-eabi/6.3.1/../../../../arm-atollic-eabi/lib/armv7e-m/fpu\libc_nano.a(lib_a-localeconv.o)
 .debug_frame   0x00002324       0x48 c:/program files (x86)/atollic/truestudio for stm32 9.3.0/armtools/bin/../lib/gcc/arm-atollic-eabi/6.3.1/../../../../arm-atollic-eabi/lib/armv7e-m/fpu\libc_nano.a(lib_a-mbtowc_r.o)
 .debug_frame   0x0000236c       0x28 c:/program files (x86)/atollic/truestudio for stm32 9.3.0/armtools/bin/../lib/gcc/arm-atollic-eabi/6.3.1/../../../../arm-atollic-eabi/lib/armv7e-m/fpu\libc_nano.a(lib_a-memcpy-stub.o)
 .debug_frame   0x00002394      0x240 c:/program files (x86)/atollic/truestudio for stm32 9.3.0/armtools/bin/../lib/gcc/arm-atollic-eabi/6.3.1/../../../../arm-atollic-eabi/lib/armv7e-m/fpu\libc_nano.a(lib_a-mprec.o)
 .debug_frame   0x000025d4       0x2c c:/program files (x86)/atollic/truestudio for stm32 9.3.0/armtools/bin/../lib/gcc/arm-atollic-eabi/6.3.1/../../../../arm-atollic-eabi/lib/armv7e-m/fpu\libc_nano.a(lib_a-nano-callocr.o)
 .debug_frame   0x00002600       0x2c c:/program files (x86)/atollic/truestudio for stm32 9.3.0/armtools/bin/../lib/gcc/arm-atollic-eabi/6.3.1/../../../../arm-atollic-eabi/lib/armv7e-m/fpu\libc_nano.a(lib_a-nano-mallocr.o)
 .debug_frame   0x0000262c       0x90 c:/program files (x86)/atollic/truestudio for stm32 9.3.0/armtools/bin/../lib/gcc/arm-atollic-eabi/6.3.1/../../../../arm-atollic-eabi/lib/armv7e-m/fpu\libc_nano.a(lib_a-nano-svfprintf.o)
 .debug_frame   0x000026bc       0x60 c:/program files (x86)/atollic/truestudio for stm32 9.3.0/armtools/bin/../lib/gcc/arm-atollic-eabi/6.3.1/../../../../arm-atollic-eabi/lib/armv7e-m/fpu\libc_nano.a(lib_a-nano-vfprintf_i.o)
 .debug_frame   0x0000271c       0x2c c:/program files (x86)/atollic/truestudio for stm32 9.3.0/armtools/bin/../lib/gcc/arm-atollic-eabi/6.3.1/../../../../arm-atollic-eabi/lib/armv7e-m/fpu\libc_nano.a(lib_a-sbrkr.o)
 .debug_frame   0x00002748       0x28 c:/program files (x86)/atollic/truestudio for stm32 9.3.0/armtools/bin/../lib/gcc/arm-atollic-eabi/6.3.1/../../../../arm-atollic-eabi/lib/armv7e-m/fpu\libc_nano.a(lib_a-strncmp.o)